Starting OCR processing in directory: /home/admin/Videos/A2/AB-Image/
Timestamp: Wed Feb 18 01:41:20 PM CET 2026
Processing: /home/admin/Videos/A2/AB-Image/1-1.png
Successfully processed: /home/admin/Videos/A2/AB-Image/1-1.png
---
Processing: /home/admin/Videos/A2/AB-Image/1-2.png
Successfully processed: /home/admin/Videos/A2/AB-Image/1-2.png
---
Processing: /home/admin/Videos/A2/AB-Image/1-3.png
Successfully processed: /home/admin/Videos/A2/AB-Image/1-3.png
---
Processing: /home/admin/Videos/A2/AB-Image/1-4.png
Successfully processed: /home/admin/Videos/A2/AB-Image/1-4.png
---
Processing: /home/admin/Videos/A2/AB-Image/1-5.png
Successfully processed: /home/admin/Videos/A2/AB-Image/1-5.png
---
Processing: /home/admin/Videos/A2/AB-Image/1-6.png
Successfully processed: /home/admin/Videos/A2/AB-Image/1-6.png
---
Processing: /home/admin/Videos/A2/AB-Image/1-7.png
Successfully processed: /home/admin/Videos/A2/AB-Image/1-7.png
---
Processing: /home/admin/Videos/A2/AB-Image/1-8.png
Successfully processed: /home/admin/Videos/A2/AB-Image/1-8.png
---
Processing: /home/admin/Videos/A2/AB-Image/1-9.png
Successfully processed: /home/admin/Videos/A2/AB-Image/1-9.png
---
Processing: /home/admin/Videos/A2/AB-Image/1-10.png
Successfully processed: /home/admin/Videos/A2/AB-Image/1-10.png
---
Processing: /home/admin/Videos/A2/AB-Image/2-1.png
Successfully processed: /home/admin/Videos/A2/AB-Image/2-1.png
---
Processing: /home/admin/Videos/A2/AB-Image/2-2.png
Successfully processed: /home/admin/Videos/A2/AB-Image/2-2.png
---
Processing: /home/admin/Videos/A2/AB-Image/2-3.png
Successfully processed: /home/admin/Videos/A2/AB-Image/2-3.png
---
Processing: /home/admin/Videos/A2/AB-Image/2-4.png
Successfully processed: /home/admin/Videos/A2/AB-Image/2-4.png
---
Processing: /home/admin/Videos/A2/AB-Image/2-5.png
Successfully processed: /home/admin/Videos/A2/AB-Image/2-5.png
---
Processing: /home/admin/Videos/A2/AB-Image/2-6.png
Successfully processed: /home/admin/Videos/A2/AB-Image/2-6.png
---
Processing: /home/admin/Videos/A2/AB-Image/2-7.png
Successfully processed: /home/admin/Videos/A2/AB-Image/2-7.png
---
Processing: /home/admin/Videos/A2/AB-Image/2-8.png
Successfully processed: /home/admin/Videos/A2/AB-Image/2-8.png
---
Processing: /home/admin/Videos/A2/AB-Image/2-9.png
Successfully processed: /home/admin/Videos/A2/AB-Image/2-9.png
---
Processing: /home/admin/Videos/A2/AB-Image/2-10.png
Successfully processed: /home/admin/Videos/A2/AB-Image/2-10.png
---
Processing: /home/admin/Videos/A2/AB-Image/2-11.png
Successfully processed: /home/admin/Videos/A2/AB-Image/2-11.png
---
Processing: /home/admin/Videos/A2/AB-Image/3-1.png
Successfully processed: /home/admin/Videos/A2/AB-Image/3-1.png
---
Processing: /home/admin/Videos/A2/AB-Image/3-2.png
Successfully processed: /home/admin/Videos/A2/AB-Image/3-2.png
---
Processing: /home/admin/Videos/A2/AB-Image/3-3.png
Successfully processed: /home/admin/Videos/A2/AB-Image/3-3.png
---
Processing: /home/admin/Videos/A2/AB-Image/3-4.png
Successfully processed: /home/admin/Videos/A2/AB-Image/3-4.png
---
Processing: /home/admin/Videos/A2/AB-Image/3-5.png
Successfully processed: /home/admin/Videos/A2/AB-Image/3-5.png
---
Processing: /home/admin/Videos/A2/AB-Image/3-6.png
Successfully processed: /home/admin/Videos/A2/AB-Image/3-6.png
---
Processing: /home/admin/Videos/A2/AB-Image/3-7.png
Successfully processed: /home/admin/Videos/A2/AB-Image/3-7.png
---
Processing: /home/admin/Videos/A2/AB-Image/3-8.png
Successfully processed: /home/admin/Videos/A2/AB-Image/3-8.png
---
Processing: /home/admin/Videos/A2/AB-Image/4-1.png
Successfully processed: /home/admin/Videos/A2/AB-Image/4-1.png
---
Processing: /home/admin/Videos/A2/AB-Image/4-2.png
Successfully processed: /home/admin/Videos/A2/AB-Image/4-2.png
---
Processing: /home/admin/Videos/A2/AB-Image/4-3.png
Successfully processed: /home/admin/Videos/A2/AB-Image/4-3.png
---
Processing: /home/admin/Videos/A2/AB-Image/5-1.png
Successfully processed: /home/admin/Videos/A2/AB-Image/5-1.png
---
Processing: /home/admin/Videos/A2/AB-Image/5-2.png
Successfully processed: /home/admin/Videos/A2/AB-Image/5-2.png
---
Processing: /home/admin/Videos/A2/AB-Image/5-3.png
Successfully processed: /home/admin/Videos/A2/AB-Image/5-3.png
---
Processing: /home/admin/Videos/A2/AB-Image/5-4.png
Successfully processed: /home/admin/Videos/A2/AB-Image/5-4.png
---
Processing: /home/admin/Videos/A2/AB-Image/5-5.png
Successfully processed: /home/admin/Videos/A2/AB-Image/5-5.png
---
Processing: /home/admin/Videos/A2/AB-Image/5-6.png
Successfully processed: /home/admin/Videos/A2/AB-Image/5-6.png
---
Processing: /home/admin/Videos/A2/AB-Image/5-7.png
Successfully processed: /home/admin/Videos/A2/AB-Image/5-7.png
---
Processing: /home/admin/Videos/A2/AB-Image/5-8.png
Successfully processed: /home/admin/Videos/A2/AB-Image/5-8.png
---
Processing: /home/admin/Videos/A2/AB-Image/5-9.png
Successfully processed: /home/admin/Videos/A2/AB-Image/5-9.png
---
Processing: /home/admin/Videos/A2/AB-Image/5-10.png
Successfully processed: /home/admin/Videos/A2/AB-Image/5-10.png
---
Processing: /home/admin/Videos/A2/AB-Image/5-11.png
Successfully processed: /home/admin/Videos/A2/AB-Image/5-11.png
---
Processing: /home/admin/Videos/A2/AB-Image/5-12.png
Successfully processed: /home/admin/Videos/A2/AB-Image/5-12.png
---
Processing: /home/admin/Videos/A2/AB-Image/5-13.png
Successfully processed: /home/admin/Videos/A2/AB-Image/5-13.png
---
Processing: /home/admin/Videos/A2/AB-Image/6-1.png
Successfully processed: /home/admin/Videos/A2/AB-Image/6-1.png
---
Processing: /home/admin/Videos/A2/AB-Image/6-2.png
Successfully processed: /home/admin/Videos/A2/AB-Image/6-2.png
---
Processing: /home/admin/Videos/A2/AB-Image/6-3.png
Successfully processed: /home/admin/Videos/A2/AB-Image/6-3.png
---
Processing: /home/admin/Videos/A2/AB-Image/6-4.png
Successfully processed: /home/admin/Videos/A2/AB-Image/6-4.png
---
Processing: /home/admin/Videos/A2/AB-Image/6-5.png
Successfully processed: /home/admin/Videos/A2/AB-Image/6-5.png
---
Processing: /home/admin/Videos/A2/AB-Image/6-6.png
Successfully processed: /home/admin/Videos/A2/AB-Image/6-6.png
---
Processing: /home/admin/Videos/A2/AB-Image/6-7.png
Successfully processed: /home/admin/Videos/A2/AB-Image/6-7.png
---
Processing: /home/admin/Videos/A2/AB-Image/6-8.png
Successfully processed: /home/admin/Videos/A2/AB-Image/6-8.png
---
Processing: /home/admin/Videos/A2/AB-Image/6-9.png
Successfully processed: /home/admin/Videos/A2/AB-Image/6-9.png
---
Processing: /home/admin/Videos/A2/AB-Image/6-10.png
Successfully processed: /home/admin/Videos/A2/AB-Image/6-10.png
---
Processing: /home/admin/Videos/A2/AB-Image/6-11.png
Successfully processed: /home/admin/Videos/A2/AB-Image/6-11.png
---
Processing: /home/admin/Videos/A2/AB-Image/7-1.png
Successfully processed: /home/admin/Videos/A2/AB-Image/7-1.png
---
Processing: /home/admin/Videos/A2/AB-Image/7-2.png
Successfully processed: /home/admin/Videos/A2/AB-Image/7-2.png
---
Processing: /home/admin/Videos/A2/AB-Image/7-3.png
Successfully processed: /home/admin/Videos/A2/AB-Image/7-3.png
---
Processing: /home/admin/Videos/A2/AB-Image/7-4.png
Successfully processed: /home/admin/Videos/A2/AB-Image/7-4.png
---
Processing: /home/admin/Videos/A2/AB-Image/7-5.png
Successfully processed: /home/admin/Videos/A2/AB-Image/7-5.png
---
Processing: /home/admin/Videos/A2/AB-Image/7-6.png
Successfully processed: /home/admin/Videos/A2/AB-Image/7-6.png
---
Processing: /home/admin/Videos/A2/AB-Image/7-7.png
Successfully processed: /home/admin/Videos/A2/AB-Image/7-7.png
---
Processing: /home/admin/Videos/A2/AB-Image/7-8.png
Successfully processed: /home/admin/Videos/A2/AB-Image/7-8.png
---
Processing: /home/admin/Videos/A2/AB-Image/7-9.png
Successfully processed: /home/admin/Videos/A2/AB-Image/7-9.png
---
Processing: /home/admin/Videos/A2/AB-Image/7-10.png
Successfully processed: /home/admin/Videos/A2/AB-Image/7-10.png
---
Processing: /home/admin/Videos/A2/AB-Image/7-11.png
Successfully processed: /home/admin/Videos/A2/AB-Image/7-11.png
---
Processing: /home/admin/Videos/A2/AB-Image/7-12.png
Successfully processed: /home/admin/Videos/A2/AB-Image/7-12.png
---
Processing: /home/admin/Videos/A2/AB-Image/8-1.png
Successfully processed: /home/admin/Videos/A2/AB-Image/8-1.png
---
Processing: /home/admin/Videos/A2/AB-Image/8-2.png
Successfully processed: /home/admin/Videos/A2/AB-Image/8-2.png
---
Processing: /home/admin/Videos/A2/AB-Image/8-3.png
Successfully processed: /home/admin/Videos/A2/AB-Image/8-3.png
---
Processing: /home/admin/Videos/A2/AB-Image/8-4.png
Successfully processed: /home/admin/Videos/A2/AB-Image/8-4.png
---
Processing: /home/admin/Videos/A2/AB-Image/8-5.png
Successfully processed: /home/admin/Videos/A2/AB-Image/8-5.png
---
Processing: /home/admin/Videos/A2/AB-Image/8-6.png
Successfully processed: /home/admin/Videos/A2/AB-Image/8-6.png
---
Processing: /home/admin/Videos/A2/AB-Image/8-7.png
Successfully processed: /home/admin/Videos/A2/AB-Image/8-7.png
---
Processing: /home/admin/Videos/A2/AB-Image/8-8.png
Successfully processed: /home/admin/Videos/A2/AB-Image/8-8.png
---
Processing: /home/admin/Videos/A2/AB-Image/8-9.png
Successfully processed: /home/admin/Videos/A2/AB-Image/8-9.png
---
Processing: /home/admin/Videos/A2/AB-Image/8-10.png
Successfully processed: /home/admin/Videos/A2/AB-Image/8-10.png
---
Processing: /home/admin/Videos/A2/AB-Image/9-1.png
Successfully processed: /home/admin/Videos/A2/AB-Image/9-1.png
---
Processing: /home/admin/Videos/A2/AB-Image/9-2.png
Successfully processed: /home/admin/Videos/A2/AB-Image/9-2.png
---
Processing: /home/admin/Videos/A2/AB-Image/9-3.png
Successfully processed: /home/admin/Videos/A2/AB-Image/9-3.png
---
Processing: /home/admin/Videos/A2/AB-Image/9-4.png
Successfully processed: /home/admin/Videos/A2/AB-Image/9-4.png
---
Processing: /home/admin/Videos/A2/AB-Image/9-5.png
Successfully processed: /home/admin/Videos/A2/AB-Image/9-5.png
---
Processing: /home/admin/Videos/A2/AB-Image/9-6.png
Successfully processed: /home/admin/Videos/A2/AB-Image/9-6.png
---
Processing: /home/admin/Videos/A2/AB-Image/9-7.png
Successfully processed: /home/admin/Videos/A2/AB-Image/9-7.png
---
Processing: /home/admin/Videos/A2/AB-Image/9-8.png
Successfully processed: /home/admin/Videos/A2/AB-Image/9-8.png
---
Processing: /home/admin/Videos/A2/AB-Image/9-9.png
Successfully processed: /home/admin/Videos/A2/AB-Image/9-9.png
---
Processing: /home/admin/Videos/A2/AB-Image/10-1.png
Successfully processed: /home/admin/Videos/A2/AB-Image/10-1.png
---
Processing: /home/admin/Videos/A2/AB-Image/10-2.png
Successfully processed: /home/admin/Videos/A2/AB-Image/10-2.png
---
Processing: /home/admin/Videos/A2/AB-Image/10-3.png
Successfully processed: /home/admin/Videos/A2/AB-Image/10-3.png
---
Processing: /home/admin/Videos/A2/AB-Image/10-4.png
Successfully processed: /home/admin/Videos/A2/AB-Image/10-4.png
---
Processing: /home/admin/Videos/A2/AB-Image/10-5.png
Successfully processed: /home/admin/Videos/A2/AB-Image/10-5.png
---
Processing: /home/admin/Videos/A2/AB-Image/10-6.png
Successfully processed: /home/admin/Videos/A2/AB-Image/10-6.png
---
Processing: /home/admin/Videos/A2/AB-Image/10-7.png
Successfully processed: /home/admin/Videos/A2/AB-Image/10-7.png
---
Processing: /home/admin/Videos/A2/AB-Image/10-8.png
Successfully processed: /home/admin/Videos/A2/AB-Image/10-8.png
---
Processing: /home/admin/Videos/A2/AB-Image/10-9.png
Successfully processed: /home/admin/Videos/A2/AB-Image/10-9.png
---
Processing: /home/admin/Videos/A2/AB-Image/10-10.png
Successfully processed: /home/admin/Videos/A2/AB-Image/10-10.png
---
Processing: /home/admin/Videos/A2/AB-Image/10-11.png
Successfully processed: /home/admin/Videos/A2/AB-Image/10-11.png
---
Processing: /home/admin/Videos/A2/AB-Image/11-1.png
Successfully processed: /home/admin/Videos/A2/AB-Image/11-1.png
---
Processing: /home/admin/Videos/A2/AB-Image/11-2.png
Successfully processed: /home/admin/Videos/A2/AB-Image/11-2.png
---
Processing: /home/admin/Videos/A2/AB-Image/11-4.png
Successfully processed: /home/admin/Videos/A2/AB-Image/11-4.png
---
Processing: /home/admin/Videos/A2/AB-Image/11-5.png
Successfully processed: /home/admin/Videos/A2/AB-Image/11-5.png
---
Processing: /home/admin/Videos/A2/AB-Image/11-6.png
Successfully processed: /home/admin/Videos/A2/AB-Image/11-6.png
---
Processing: /home/admin/Videos/A2/AB-Image/12-1.png
Successfully processed: /home/admin/Videos/A2/AB-Image/12-1.png
---
Processing: /home/admin/Videos/A2/AB-Image/12-2.png
Successfully processed: /home/admin/Videos/A2/AB-Image/12-2.png
---
Processing: /home/admin/Videos/A2/AB-Image/12-3.png
Successfully processed: /home/admin/Videos/A2/AB-Image/12-3.png
---
Processing: /home/admin/Videos/A2/AB-Image/12-4.png
Successfully processed: /home/admin/Videos/A2/AB-Image/12-4.png
---
Processing: /home/admin/Videos/A2/AB-Image/12-5.png
Successfully processed: /home/admin/Videos/A2/AB-Image/12-5.png
---
Processing: /home/admin/Videos/A2/AB-Image/12-6.png
Successfully processed: /home/admin/Videos/A2/AB-Image/12-6.png
---
Processing: /home/admin/Videos/A2/AB-Image/12-7.png
Successfully processed: /home/admin/Videos/A2/AB-Image/12-7.png
---
Processing: /home/admin/Videos/A2/AB-Image/12-8.png
Successfully processed: /home/admin/Videos/A2/AB-Image/12-8.png
---
Processing: /home/admin/Videos/A2/AB-Image/12-9.png
Successfully processed: /home/admin/Videos/A2/AB-Image/12-9.png
---
Processing: /home/admin/Videos/A2/AB-Image/12-10.png
Successfully processed: /home/admin/Videos/A2/AB-Image/12-10.png
---
Processing: /home/admin/Videos/A2/AB-Image/12-11.png
Successfully processed: /home/admin/Videos/A2/AB-Image/12-11.png
---
Processing: /home/admin/Videos/A2/AB-Image/12-12.png
Successfully processed: /home/admin/Videos/A2/AB-Image/12-12.png
---
Processing: /home/admin/Videos/A2/AB-Image/12-13.png
Successfully processed: /home/admin/Videos/A2/AB-Image/12-13.png
---
Processing: /home/admin/Videos/A2/AB-Image/12-14.png
Successfully processed: /home/admin/Videos/A2/AB-Image/12-14.png
---
Processing: /home/admin/Videos/A2/AB-Image/12-15.png
Successfully processed: /home/admin/Videos/A2/AB-Image/12-15.png
---
Processing: /home/admin/Videos/A2/AB-Image/12-16.png
Successfully processed: /home/admin/Videos/A2/AB-Image/12-16.png
---
Processing: /home/admin/Videos/A2/AB-Image/12-17.png
Successfully processed: /home/admin/Videos/A2/AB-Image/12-17.png
---
Processing: /home/admin/Videos/A2/AB-Image/12-18.png
Successfully processed: /home/admin/Videos/A2/AB-Image/12-18.png
---
Processing: /home/admin/Videos/A2/AB-Image/13-1.png
Successfully processed: /home/admin/Videos/A2/AB-Image/13-1.png
---
Processing: /home/admin/Videos/A2/AB-Image/13-2.png
Successfully processed: /home/admin/Videos/A2/AB-Image/13-2.png
---
Processing: /home/admin/Videos/A2/AB-Image/13-3.png
Successfully processed: /home/admin/Videos/A2/AB-Image/13-3.png
---
Processing: /home/admin/Videos/A2/AB-Image/13-4.png
Successfully processed: /home/admin/Videos/A2/AB-Image/13-4.png
---
Processing: /home/admin/Videos/A2/AB-Image/13-5.png
Successfully processed: /home/admin/Videos/A2/AB-Image/13-5.png
---
Processing: /home/admin/Videos/A2/AB-Image/13-6.png
Successfully processed: /home/admin/Videos/A2/AB-Image/13-6.png
---
Processing: /home/admin/Videos/A2/AB-Image/13-7.png
Successfully processed: /home/admin/Videos/A2/AB-Image/13-7.png
---
Processing: /home/admin/Videos/A2/AB-Image/14-1.png
Successfully processed: /home/admin/Videos/A2/AB-Image/14-1.png
---
Processing: /home/admin/Videos/A2/AB-Image/14-2.png
Successfully processed: /home/admin/Videos/A2/AB-Image/14-2.png
---
Processing: /home/admin/Videos/A2/AB-Image/14-3.png
Successfully processed: /home/admin/Videos/A2/AB-Image/14-3.png
---
Processing: /home/admin/Videos/A2/AB-Image/14-4.png
Successfully processed: /home/admin/Videos/A2/AB-Image/14-4.png
---
Processing: /home/admin/Videos/A2/AB-Image/14-5.png
Successfully processed: /home/admin/Videos/A2/AB-Image/14-5.png
---
Processing: /home/admin/Videos/A2/AB-Image/h1.png
Successfully processed: /home/admin/Videos/A2/AB-Image/h1.png
---
Processing: /home/admin/Videos/A2/AB-Image/h2.png
Successfully processed: /home/admin/Videos/A2/AB-Image/h2.png
---
Processing: /home/admin/Videos/A2/AB-Image/h3.png
Successfully processed: /home/admin/Videos/A2/AB-Image/h3.png
---
Processing: /home/admin/Videos/A2/AB-Image/h4.png
Successfully processed: /home/admin/Videos/A2/AB-Image/h4.png
---
Processing: /home/admin/Videos/A2/AB-Image/h5.png
Successfully processed: /home/admin/Videos/A2/AB-Image/h5.png
---
Processing: /home/admin/Videos/A2/AB-Image/h6.png
Successfully processed: /home/admin/Videos/A2/AB-Image/h6.png
---
Processing: /home/admin/Videos/A2/AB-Image/h7.png
Successfully processed: /home/admin/Videos/A2/AB-Image/h7.png
---
Processing: /home/admin/Videos/A2/AB-Image/h8.png
Successfully processed: /home/admin/Videos/A2/AB-Image/h8.png
---
Processing: /home/admin/Videos/A2/AB-Image/h9.png
Successfully processed: /home/admin/Videos/A2/AB-Image/h9.png
---
Processing: /home/admin/Videos/A2/AB-Image/h10.png
Successfully processed: /home/admin/Videos/A2/AB-Image/h10.png
---
Processing: /home/admin/Videos/A2/AB-Image/h11.png
Successfully processed: /home/admin/Videos/A2/AB-Image/h11.png
---
Processing: /home/admin/Videos/A2/AB-Image/h12.png
Successfully processed: /home/admin/Videos/A2/AB-Image/h12.png
---
Processing: /home/admin/Videos/A2/AB-Image/h13.png
Successfully processed: /home/admin/Videos/A2/AB-Image/h13.png
---
Processing: /home/admin/Videos/A2/AB-Image/h14.png
Successfully processed: /home/admin/Videos/A2/AB-Image/h14.png
---
Processing: /home/admin/Videos/A2/AB-Image/h15.png
Successfully processed: /home/admin/Videos/A2/AB-Image/h15.png
---
Processing: /home/admin/Videos/A2/AB-Image/h16.png
Successfully processed: /home/admin/Videos/A2/AB-Image/h16.png
---
Processing: /home/admin/Videos/A2/AB-Image/h17.png
Successfully processed: /home/admin/Videos/A2/AB-Image/h17.png
---
Processing: /home/admin/Videos/A2/AB-Image/h18.png
Successfully processed: /home/admin/Videos/A2/AB-Image/h18.png
---
Processing: /home/admin/Videos/A2/AB-Image/h19.png
Successfully processed: /home/admin/Videos/A2/AB-Image/h19.png
---
Processing: /home/admin/Videos/A2/AB-Image/h20.png
Successfully processed: /home/admin/Videos/A2/AB-Image/h20.png
---
Processing: /home/admin/Videos/A2/AB-Image/h21.png
Successfully processed: /home/admin/Videos/A2/AB-Image/h21.png
---
Processing: /home/admin/Videos/A2/AB-Image/h22.png
Successfully processed: /home/admin/Videos/A2/AB-Image/h22.png
---
Processing: /home/admin/Videos/A2/AB-Image/h23.png
Successfully processed: /home/admin/Videos/A2/AB-Image/h23.png
---
Processing: /home/admin/Videos/A2/AB-Image/h24.png
Successfully processed: /home/admin/Videos/A2/AB-Image/h24.png
---
Processing: /home/admin/Videos/A2/AB-Image/h25.png
Successfully processed: /home/admin/Videos/A2/AB-Image/h25.png
---
Processing: /home/admin/Videos/A2/AB-Image/h26.png
Successfully processed: /home/admin/Videos/A2/AB-Image/h26.png
---
Processing complete!
Total files processed: 159
Files with errors: 0
Finished at: Wed Feb 18 01:42:14 PM CET 2026
Starting OCR processing in directory: /home/admin/Videos/A2/KB-Image/
Timestamp: Wed Feb 18 01:51:15 PM CET 2026
Processing: /home/admin/Videos/A2/KB-Image/1-1.png
Successfully processed: /home/admin/Videos/A2/KB-Image/1-1.png
---
Processing: /home/admin/Videos/A2/KB-Image/2-1.png
Successfully processed: /home/admin/Videos/A2/KB-Image/2-1.png
---
Processing: /home/admin/Videos/A2/KB-Image/2-2.png
Successfully processed: /home/admin/Videos/A2/KB-Image/2-2.png
---
Processing: /home/admin/Videos/A2/KB-Image/2-3.png
Successfully processed: /home/admin/Videos/A2/KB-Image/2-3.png
---
Processing: /home/admin/Videos/A2/KB-Image/3-1.png
Successfully processed: /home/admin/Videos/A2/KB-Image/3-1.png
---
Processing: /home/admin/Videos/A2/KB-Image/3-2.png
Successfully processed: /home/admin/Videos/A2/KB-Image/3-2.png
---
Processing: /home/admin/Videos/A2/KB-Image/3-4.png
Successfully processed: /home/admin/Videos/A2/KB-Image/3-4.png
---
Processing: /home/admin/Videos/A2/KB-Image/3-5.png
Successfully processed: /home/admin/Videos/A2/KB-Image/3-5.png
---
Processing: /home/admin/Videos/A2/KB-Image/3-6.png
Successfully processed: /home/admin/Videos/A2/KB-Image/3-6.png
---
Processing: /home/admin/Videos/A2/KB-Image/3-7.png
Successfully processed: /home/admin/Videos/A2/KB-Image/3-7.png
---
Processing: /home/admin/Videos/A2/KB-Image/4-1.png
Successfully processed: /home/admin/Videos/A2/KB-Image/4-1.png
---
Processing: /home/admin/Videos/A2/KB-Image/4-2.png
Successfully processed: /home/admin/Videos/A2/KB-Image/4-2.png
---
Processing: /home/admin/Videos/A2/KB-Image/4-3.png
Successfully processed: /home/admin/Videos/A2/KB-Image/4-3.png
---
Processing: /home/admin/Videos/A2/KB-Image/4-4.png
Successfully processed: /home/admin/Videos/A2/KB-Image/4-4.png
---
Processing: /home/admin/Videos/A2/KB-Image/4-5.png
Successfully processed: /home/admin/Videos/A2/KB-Image/4-5.png
---
Processing: /home/admin/Videos/A2/KB-Image/4-6.png
Successfully processed: /home/admin/Videos/A2/KB-Image/4-6.png
---
Processing: /home/admin/Videos/A2/KB-Image/4-7.png
Successfully processed: /home/admin/Videos/A2/KB-Image/4-7.png
---
Processing: /home/admin/Videos/A2/KB-Image/4-8.png
Successfully processed: /home/admin/Videos/A2/KB-Image/4-8.png
---
Processing: /home/admin/Videos/A2/KB-Image/4-9.png
Successfully processed: /home/admin/Videos/A2/KB-Image/4-9.png
---
Processing: /home/admin/Videos/A2/KB-Image/6-1.png
Successfully processed: /home/admin/Videos/A2/KB-Image/6-1.png
---
Processing: /home/admin/Videos/A2/KB-Image/6-2.png
Successfully processed: /home/admin/Videos/A2/KB-Image/6-2.png
---
Processing: /home/admin/Videos/A2/KB-Image/6-3.png
Successfully processed: /home/admin/Videos/A2/KB-Image/6-3.png
---
Processing: /home/admin/Videos/A2/KB-Image/7-1.png
Successfully processed: /home/admin/Videos/A2/KB-Image/7-1.png
---
Processing: /home/admin/Videos/A2/KB-Image/7-2.png
Successfully processed: /home/admin/Videos/A2/KB-Image/7-2.png
---
Processing: /home/admin/Videos/A2/KB-Image/8-1.png
Successfully processed: /home/admin/Videos/A2/KB-Image/8-1.png
---
Processing: /home/admin/Videos/A2/KB-Image/8-2.png
Successfully processed: /home/admin/Videos/A2/KB-Image/8-2.png
---
Processing: /home/admin/Videos/A2/KB-Image/8-3.png
Successfully processed: /home/admin/Videos/A2/KB-Image/8-3.png
---
Processing: /home/admin/Videos/A2/KB-Image/8-5.png
Successfully processed: /home/admin/Videos/A2/KB-Image/8-5.png
---
Processing: /home/admin/Videos/A2/KB-Image/8-6.png
Successfully processed: /home/admin/Videos/A2/KB-Image/8-6.png
---
Processing: /home/admin/Videos/A2/KB-Image/8-7.png
Successfully processed: /home/admin/Videos/A2/KB-Image/8-7.png
---
Processing: /home/admin/Videos/A2/KB-Image/9-1.png
Successfully processed: /home/admin/Videos/A2/KB-Image/9-1.png
---
Processing: /home/admin/Videos/A2/KB-Image/9-2.png
Successfully processed: /home/admin/Videos/A2/KB-Image/9-2.png
---
Processing: /home/admin/Videos/A2/KB-Image/9-3.png
Successfully processed: /home/admin/Videos/A2/KB-Image/9-3.png
---
Processing: /home/admin/Videos/A2/KB-Image/9-4.png
Successfully processed: /home/admin/Videos/A2/KB-Image/9-4.png
---
Processing: /home/admin/Videos/A2/KB-Image/9-5.png
Successfully processed: /home/admin/Videos/A2/KB-Image/9-5.png
---
Processing: /home/admin/Videos/A2/KB-Image/9-6.png
Successfully processed: /home/admin/Videos/A2/KB-Image/9-6.png
---
Processing: /home/admin/Videos/A2/KB-Image/9-7.png
Successfully processed: /home/admin/Videos/A2/KB-Image/9-7.png
---
Processing: /home/admin/Videos/A2/KB-Image/9-8.png
Successfully processed: /home/admin/Videos/A2/KB-Image/9-8.png
---
Processing: /home/admin/Videos/A2/KB-Image/10-1.png
Successfully processed: /home/admin/Videos/A2/KB-Image/10-1.png
---
Processing: /home/admin/Videos/A2/KB-Image/10-2.png
Successfully processed: /home/admin/Videos/A2/KB-Image/10-2.png
---
Processing: /home/admin/Videos/A2/KB-Image/10-3.png
Successfully processed: /home/admin/Videos/A2/KB-Image/10-3.png
---
Processing: /home/admin/Videos/A2/KB-Image/11-1.png
Successfully processed: /home/admin/Videos/A2/KB-Image/11-1.png
---
Processing: /home/admin/Videos/A2/KB-Image/11-2.png
Successfully processed: /home/admin/Videos/A2/KB-Image/11-2.png
---
Processing: /home/admin/Videos/A2/KB-Image/11-3.png
Successfully processed: /home/admin/Videos/A2/KB-Image/11-3.png
---
Processing: /home/admin/Videos/A2/KB-Image/11-4.png
Successfully processed: /home/admin/Videos/A2/KB-Image/11-4.png
---
Processing: /home/admin/Videos/A2/KB-Image/11-5.png
Successfully processed: /home/admin/Videos/A2/KB-Image/11-5.png
---
Processing: /home/admin/Videos/A2/KB-Image/11-6.png
Successfully processed: /home/admin/Videos/A2/KB-Image/11-6.png
---
Processing: /home/admin/Videos/A2/KB-Image/11-7.png
Successfully processed: /home/admin/Videos/A2/KB-Image/11-7.png
---
Processing: /home/admin/Videos/A2/KB-Image/11-8.png
Successfully processed: /home/admin/Videos/A2/KB-Image/11-8.png
---
Processing: /home/admin/Videos/A2/KB-Image/11-9.png
Successfully processed: /home/admin/Videos/A2/KB-Image/11-9.png
---
Processing: /home/admin/Videos/A2/KB-Image/12-1.png
Successfully processed: /home/admin/Videos/A2/KB-Image/12-1.png
---
Processing: /home/admin/Videos/A2/KB-Image/12-2.png
Successfully processed: /home/admin/Videos/A2/KB-Image/12-2.png
---
Processing: /home/admin/Videos/A2/KB-Image/13-1.png
Successfully processed: /home/admin/Videos/A2/KB-Image/13-1.png
---
Processing: /home/admin/Videos/A2/KB-Image/13-2.png
Successfully processed: /home/admin/Videos/A2/KB-Image/13-2.png
---
Processing: /home/admin/Videos/A2/KB-Image/13-3.png
Successfully processed: /home/admin/Videos/A2/KB-Image/13-3.png
---
Processing: /home/admin/Videos/A2/KB-Image/13-4.png
Successfully processed: /home/admin/Videos/A2/KB-Image/13-4.png
---
Processing: /home/admin/Videos/A2/KB-Image/13-5.png
Successfully processed: /home/admin/Videos/A2/KB-Image/13-5.png
---
Processing: /home/admin/Videos/A2/KB-Image/13-6.png
Successfully processed: /home/admin/Videos/A2/KB-Image/13-6.png
---
Processing: /home/admin/Videos/A2/KB-Image/13-7.png
Successfully processed: /home/admin/Videos/A2/KB-Image/13-7.png
---
Processing: /home/admin/Videos/A2/KB-Image/14-1.png
Successfully processed: /home/admin/Videos/A2/KB-Image/14-1.png
---
Processing: /home/admin/Videos/A2/KB-Image/14-2.png
Successfully processed: /home/admin/Videos/A2/KB-Image/14-2.png
---
Processing: /home/admin/Videos/A2/KB-Image/14-3.png
Successfully processed: /home/admin/Videos/A2/KB-Image/14-3.png
---
Processing: /home/admin/Videos/A2/KB-Image/14-4.png
Successfully processed: /home/admin/Videos/A2/KB-Image/14-4.png
---
Processing: /home/admin/Videos/A2/KB-Image/14-5.png
Successfully processed: /home/admin/Videos/A2/KB-Image/14-5.png
---
Processing: /home/admin/Videos/A2/KB-Image/h1.png
Successfully processed: /home/admin/Videos/A2/KB-Image/h1.png
---
Processing: /home/admin/Videos/A2/KB-Image/h2.png
Successfully processed: /home/admin/Videos/A2/KB-Image/h2.png
---
Processing: /home/admin/Videos/A2/KB-Image/h3.png
Successfully processed: /home/admin/Videos/A2/KB-Image/h3.png
---
Processing: /home/admin/Videos/A2/KB-Image/h4.png
Successfully processed: /home/admin/Videos/A2/KB-Image/h4.png
---
Processing: /home/admin/Videos/A2/KB-Image/h5.png
Successfully processed: /home/admin/Videos/A2/KB-Image/h5.png
---
Processing: /home/admin/Videos/A2/KB-Image/h6.png
Successfully processed: /home/admin/Videos/A2/KB-Image/h6.png
---
Processing: /home/admin/Videos/A2/KB-Image/h7.png
Successfully processed: /home/admin/Videos/A2/KB-Image/h7.png
---
Processing: /home/admin/Videos/A2/KB-Image/h8.png
Successfully processed: /home/admin/Videos/A2/KB-Image/h8.png
---
Processing: /home/admin/Videos/A2/KB-Image/h9.png
Successfully processed: /home/admin/Videos/A2/KB-Image/h9.png
---
Processing: /home/admin/Videos/A2/KB-Image/h10.png
Successfully processed: /home/admin/Videos/A2/KB-Image/h10.png
---
Processing: /home/admin/Videos/A2/KB-Image/h11.png
Successfully processed: /home/admin/Videos/A2/KB-Image/h11.png
---
Processing: /home/admin/Videos/A2/KB-Image/h12.png
Successfully processed: /home/admin/Videos/A2/KB-Image/h12.png
---
Processing: /home/admin/Videos/A2/KB-Image/h13.png
Successfully processed: /home/admin/Videos/A2/KB-Image/h13.png
---
Processing: /home/admin/Videos/A2/KB-Image/h14.png
Successfully processed: /home/admin/Videos/A2/KB-Image/h14.png
---
Processing: /home/admin/Videos/A2/KB-Image/h15.png
Successfully processed: /home/admin/Videos/A2/KB-Image/h15.png
---
Processing: /home/admin/Videos/A2/KB-Image/h16.png
Successfully processed: /home/admin/Videos/A2/KB-Image/h16.png
---
Processing: /home/admin/Videos/A2/KB-Image/h17.png
Successfully processed: /home/admin/Videos/A2/KB-Image/h17.png
---
Processing: /home/admin/Videos/A2/KB-Image/h18.png
Successfully processed: /home/admin/Videos/A2/KB-Image/h18.png
---
Processing: /home/admin/Videos/A2/KB-Image/h19.png
Successfully processed: /home/admin/Videos/A2/KB-Image/h19.png
---
Processing: /home/admin/Videos/A2/KB-Image/h20.png
Successfully processed: /home/admin/Videos/A2/KB-Image/h20.png
---
Processing: /home/admin/Videos/A2/KB-Image/h21.png
Successfully processed: /home/admin/Videos/A2/KB-Image/h21.png
---
Processing: /home/admin/Videos/A2/KB-Image/h22.png
Successfully processed: /home/admin/Videos/A2/KB-Image/h22.png
---
Processing: /home/admin/Videos/A2/KB-Image/h23.png
Successfully processed: /home/admin/Videos/A2/KB-Image/h23.png
---
Processing: /home/admin/Videos/A2/KB-Image/h24.png
Successfully processed: /home/admin/Videos/A2/KB-Image/h24.png
---
Processing: /home/admin/Videos/A2/KB-Image/h25.png
Successfully processed: /home/admin/Videos/A2/KB-Image/h25.png
---
Processing: /home/admin/Videos/A2/KB-Image/h26.png
Successfully processed: /home/admin/Videos/A2/KB-Image/h26.png
---
Processing: /home/admin/Videos/A2/KB-Image/h27.png
Successfully processed: /home/admin/Videos/A2/KB-Image/h27.png
---
Processing: /home/admin/Videos/A2/KB-Image/h28.png
Successfully processed: /home/admin/Videos/A2/KB-Image/h28.png
---
Processing: /home/admin/Videos/A2/KB-Image/h29.png
Successfully processed: /home/admin/Videos/A2/KB-Image/h29.png
---
Processing: /home/admin/Videos/A2/KB-Image/h30.png
Successfully processed: /home/admin/Videos/A2/KB-Image/h30.png
---
Processing: /home/admin/Videos/A2/KB-Image/h31.png
Successfully processed: /home/admin/Videos/A2/KB-Image/h31.png
---
Processing: /home/admin/Videos/A2/KB-Image/h32.png
Successfully processed: /home/admin/Videos/A2/KB-Image/h32.png
---
Processing: /home/admin/Videos/A2/KB-Image/h33.png
Successfully processed: /home/admin/Videos/A2/KB-Image/h33.png
---
Processing: /home/admin/Videos/A2/KB-Image/h34.png
Successfully processed: /home/admin/Videos/A2/KB-Image/h34.png
---
Processing: /home/admin/Videos/A2/KB-Image/h35.png
Successfully processed: /home/admin/Videos/A2/KB-Image/h35.png
---
Processing: /home/admin/Videos/A2/KB-Image/h36.png
Successfully processed: /home/admin/Videos/A2/KB-Image/h36.png
---
Processing: /home/admin/Videos/A2/KB-Image/d1.png
Successfully processed: /home/admin/Videos/A2/KB-Image/d1.png
---
Processing: /home/admin/Videos/A2/KB-Image/d2.png
Successfully processed: /home/admin/Videos/A2/KB-Image/d2.png
---
Processing: /home/admin/Videos/A2/KB-Image/d3.png
Successfully processed: /home/admin/Videos/A2/KB-Image/d3.png
---
Processing: /home/admin/Videos/A2/KB-Image/d4.png
Successfully processed: /home/admin/Videos/A2/KB-Image/d4.png
---
Processing: /home/admin/Videos/A2/KB-Image/d5.png
Successfully processed: /home/admin/Videos/A2/KB-Image/d5.png
---
Processing: /home/admin/Videos/A2/KB-Image/d6.png
Successfully processed: /home/admin/Videos/A2/KB-Image/d6.png
---
Processing: /home/admin/Videos/A2/KB-Image/d7.png
Successfully processed: /home/admin/Videos/A2/KB-Image/d7.png
---
Processing: /home/admin/Videos/A2/KB-Image/d8.png
Successfully processed: /home/admin/Videos/A2/KB-Image/d8.png
---
Processing: /home/admin/Videos/A2/KB-Image/d9.png
Successfully processed: /home/admin/Videos/A2/KB-Image/d9.png
---
Processing: /home/admin/Videos/A2/KB-Image/d10.png
Successfully processed: /home/admin/Videos/A2/KB-Image/d10.png
---
Processing: /home/admin/Videos/A2/KB-Image/d11.png
Successfully processed: /home/admin/Videos/A2/KB-Image/d11.png
---
Processing: /home/admin/Videos/A2/KB-Image/d12.png
Successfully processed: /home/admin/Videos/A2/KB-Image/d12.png
---
Processing: /home/admin/Videos/A2/KB-Image/d13.png
Successfully processed: /home/admin/Videos/A2/KB-Image/d13.png
---
Processing: /home/admin/Videos/A2/KB-Image/d14.png
Successfully processed: /home/admin/Videos/A2/KB-Image/d14.png
---
Processing: /home/admin/Videos/A2/KB-Image/d15.png
Successfully processed: /home/admin/Videos/A2/KB-Image/d15.png
---
Processing: /home/admin/Videos/A2/KB-Image/d16.png
Successfully processed: /home/admin/Videos/A2/KB-Image/d16.png
---
Processing: /home/admin/Videos/A2/KB-Image/d17.png
Successfully processed: /home/admin/Videos/A2/KB-Image/d17.png
---
Processing: /home/admin/Videos/A2/KB-Image/d18.png
Successfully processed: /home/admin/Videos/A2/KB-Image/d18.png
---
Processing: /home/admin/Videos/A2/KB-Image/d19.png
Successfully processed: /home/admin/Videos/A2/KB-Image/d19.png
---
Processing: /home/admin/Videos/A2/KB-Image/d20.png
Successfully processed: /home/admin/Videos/A2/KB-Image/d20.png
---
Processing: /home/admin/Videos/A2/KB-Image/d21.png
Successfully processed: /home/admin/Videos/A2/KB-Image/d21.png
---
Processing: /home/admin/Videos/A2/KB-Image/d22.png
Successfully processed: /home/admin/Videos/A2/KB-Image/d22.png
---
Processing: /home/admin/Videos/A2/KB-Image/d23.png
Successfully processed: /home/admin/Videos/A2/KB-Image/d23.png
---
Processing: /home/admin/Videos/A2/KB-Image/e1.png
Successfully processed: /home/admin/Videos/A2/KB-Image/e1.png
---
Processing: /home/admin/Videos/A2/KB-Image/e2.png
Successfully processed: /home/admin/Videos/A2/KB-Image/e2.png
---
Processing: /home/admin/Videos/A2/KB-Image/e3.png
Successfully processed: /home/admin/Videos/A2/KB-Image/e3.png
---
Processing: /home/admin/Videos/A2/KB-Image/e4.png
Successfully processed: /home/admin/Videos/A2/KB-Image/e4.png
---
Processing: /home/admin/Videos/A2/KB-Image/f1.png
Successfully processed: /home/admin/Videos/A2/KB-Image/f1.png
---
Processing: /home/admin/Videos/A2/KB-Image/f2.png
Successfully processed: /home/admin/Videos/A2/KB-Image/f2.png
---
Processing: /home/admin/Videos/A2/KB-Image/f3.png
Successfully processed: /home/admin/Videos/A2/KB-Image/f3.png
---
Processing: /home/admin/Videos/A2/KB-Image/f4.png
Successfully processed: /home/admin/Videos/A2/KB-Image/f4.png
---
Processing complete!
Total files processed: 131
Files with errors: 0
Finished at: Wed Feb 18 01:52:27 PM CET 2026
Starting OCR processing in directory: /home/admin/Videos/Translate/B1/AB-Image
Timestamp: Fri May 29 12:52:57 PM CEST 2026
Processing: /home/admin/Videos/Translate/B1/AB-Image/1-1.png
Successfully processed: /home/admin/Videos/Translate/B1/AB-Image/1-1.png
---
Processing: /home/admin/Videos/Translate/B1/AB-Image/1-2.png
Successfully processed: /home/admin/Videos/Translate/B1/AB-Image/1-2.png
---
Processing: /home/admin/Videos/Translate/B1/AB-Image/1-3.png
Successfully processed: /home/admin/Videos/Translate/B1/AB-Image/1-3.png
---
Processing: /home/admin/Videos/Translate/B1/AB-Image/1-4.png
Successfully processed: /home/admin/Videos/Translate/B1/AB-Image/1-4.png
---
Processing: /home/admin/Videos/Translate/B1/AB-Image/1-6.png
Successfully processed: /home/admin/Videos/Translate/B1/AB-Image/1-6.png
---
Processing: /home/admin/Videos/Translate/B1/AB-Image/d1-1.png
Successfully processed: /home/admin/Videos/Translate/B1/AB-Image/d1-1.png
---
Processing: /home/admin/Videos/Translate/B1/AB-Image/d1-2.png
Successfully processed: /home/admin/Videos/Translate/B1/AB-Image/d1-2.png
---
Processing: /home/admin/Videos/Translate/B1/AB-Image/d1-3.png
Successfully processed: /home/admin/Videos/Translate/B1/AB-Image/d1-3.png
---
Processing: /home/admin/Videos/Translate/B1/AB-Image/d1-4.png
Successfully processed: /home/admin/Videos/Translate/B1/AB-Image/d1-4.png
---
Processing: /home/admin/Videos/Translate/B1/AB-Image/217.png
Successfully processed: /home/admin/Videos/Translate/B1/AB-Image/217.png
---
Processing: /home/admin/Videos/Translate/B1/AB-Image/h3.png
Successfully processed: /home/admin/Videos/Translate/B1/AB-Image/h3.png
---
Processing: /home/admin/Videos/Translate/B1/AB-Image/1-7.png
Successfully processed: /home/admin/Videos/Translate/B1/AB-Image/1-7.png
---
Processing: /home/admin/Videos/Translate/B1/AB-Image/106.png
Successfully processed: /home/admin/Videos/Translate/B1/AB-Image/106.png
---
Processing: /home/admin/Videos/Translate/B1/AB-Image/2-1.png
Successfully processed: /home/admin/Videos/Translate/B1/AB-Image/2-1.png
---
Processing: /home/admin/Videos/Translate/B1/AB-Image/2-2.png
Successfully processed: /home/admin/Videos/Translate/B1/AB-Image/2-2.png
---
Processing: /home/admin/Videos/Translate/B1/AB-Image/2-3.png
Successfully processed: /home/admin/Videos/Translate/B1/AB-Image/2-3.png
---
Processing: /home/admin/Videos/Translate/B1/AB-Image/2-5.png
Successfully processed: /home/admin/Videos/Translate/B1/AB-Image/2-5.png
---
Processing: /home/admin/Videos/Translate/B1/AB-Image/d2-1.png
Successfully processed: /home/admin/Videos/Translate/B1/AB-Image/d2-1.png
---
Processing: /home/admin/Videos/Translate/B1/AB-Image/d2-2.png
Successfully processed: /home/admin/Videos/Translate/B1/AB-Image/d2-2.png
---
Processing: /home/admin/Videos/Translate/B1/AB-Image/d2-3.png
Successfully processed: /home/admin/Videos/Translate/B1/AB-Image/d2-3.png
---
Processing: /home/admin/Videos/Translate/B1/AB-Image/d2-4.png
Successfully processed: /home/admin/Videos/Translate/B1/AB-Image/d2-4.png
---
Processing: /home/admin/Videos/Translate/B1/AB-Image/2-6.png
Successfully processed: /home/admin/Videos/Translate/B1/AB-Image/2-6.png
---
Processing: /home/admin/Videos/Translate/B1/AB-Image/2-7.png
Successfully processed: /home/admin/Videos/Translate/B1/AB-Image/2-7.png
---
Processing: /home/admin/Videos/Translate/B1/AB-Image/110.png
Successfully processed: /home/admin/Videos/Translate/B1/AB-Image/110.png
---
Processing: /home/admin/Videos/Translate/B1/AB-Image/3-1.png
Successfully processed: /home/admin/Videos/Translate/B1/AB-Image/3-1.png
---
Processing: /home/admin/Videos/Translate/B1/AB-Image/3-2.png
Successfully processed: /home/admin/Videos/Translate/B1/AB-Image/3-2.png
---
Processing: /home/admin/Videos/Translate/B1/AB-Image/h4.png
Successfully processed: /home/admin/Videos/Translate/B1/AB-Image/h4.png
---
Processing: /home/admin/Videos/Translate/B1/AB-Image/3-3.png
Successfully processed: /home/admin/Videos/Translate/B1/AB-Image/3-3.png
---
Processing: /home/admin/Videos/Translate/B1/AB-Image/3-4.png
Successfully processed: /home/admin/Videos/Translate/B1/AB-Image/3-4.png
---
Processing: /home/admin/Videos/Translate/B1/AB-Image/3-5.png
Successfully processed: /home/admin/Videos/Translate/B1/AB-Image/3-5.png
---
Processing: /home/admin/Videos/Translate/B1/AB-Image/3-6.png
Successfully processed: /home/admin/Videos/Translate/B1/AB-Image/3-6.png
---
Processing: /home/admin/Videos/Translate/B1/AB-Image/3-7.png
Successfully processed: /home/admin/Videos/Translate/B1/AB-Image/3-7.png
---
Processing: /home/admin/Videos/Translate/B1/AB-Image/3-8.png
Successfully processed: /home/admin/Videos/Translate/B1/AB-Image/3-8.png
---
Processing: /home/admin/Videos/Translate/B1/AB-Image/d3-1.png
Successfully processed: /home/admin/Videos/Translate/B1/AB-Image/d3-1.png
---
Processing: /home/admin/Videos/Translate/B1/AB-Image/d3-2.png
Successfully processed: /home/admin/Videos/Translate/B1/AB-Image/d3-2.png
---
Processing: /home/admin/Videos/Translate/B1/AB-Image/d3-3.png
Successfully processed: /home/admin/Videos/Translate/B1/AB-Image/d3-3.png
---
Processing: /home/admin/Videos/Translate/B1/AB-Image/d3-4.png
Successfully processed: /home/admin/Videos/Translate/B1/AB-Image/d3-4.png
---
Processing: /home/admin/Videos/Translate/B1/AB-Image/3-9.png
Successfully processed: /home/admin/Videos/Translate/B1/AB-Image/3-9.png
---
Processing: /home/admin/Videos/Translate/B1/AB-Image/3-10.png
Successfully processed: /home/admin/Videos/Translate/B1/AB-Image/3-10.png
---
Processing: /home/admin/Videos/Translate/B1/AB-Image/116.png
Successfully processed: /home/admin/Videos/Translate/B1/AB-Image/116.png
---
Processing: /home/admin/Videos/Translate/B1/AB-Image/s1-1.png
Successfully processed: /home/admin/Videos/Translate/B1/AB-Image/s1-1.png
---
Processing: /home/admin/Videos/Translate/B1/AB-Image/s1-2.png
Successfully processed: /home/admin/Videos/Translate/B1/AB-Image/s1-2.png
---
Processing: /home/admin/Videos/Translate/B1/AB-Image/s1-3.png
Successfully processed: /home/admin/Videos/Translate/B1/AB-Image/s1-3.png
---
Processing: /home/admin/Videos/Translate/B1/AB-Image/s1-4.png
Successfully processed: /home/admin/Videos/Translate/B1/AB-Image/s1-4.png
---
Processing: /home/admin/Videos/Translate/B1/AB-Image/s1-5.png
Successfully processed: /home/admin/Videos/Translate/B1/AB-Image/s1-5.png
---
Processing: /home/admin/Videos/Translate/B1/AB-Image/h5.png
Successfully processed: /home/admin/Videos/Translate/B1/AB-Image/h5.png
---
Processing: /home/admin/Videos/Translate/B1/AB-Image/4-1.png
Successfully processed: /home/admin/Videos/Translate/B1/AB-Image/4-1.png
---
Processing: /home/admin/Videos/Translate/B1/AB-Image/4-2.png
Successfully processed: /home/admin/Videos/Translate/B1/AB-Image/4-2.png
---
Processing: /home/admin/Videos/Translate/B1/AB-Image/4-3.png
Successfully processed: /home/admin/Videos/Translate/B1/AB-Image/4-3.png
---
Processing: /home/admin/Videos/Translate/B1/AB-Image/4-4.png
Successfully processed: /home/admin/Videos/Translate/B1/AB-Image/4-4.png
---
Processing: /home/admin/Videos/Translate/B1/AB-Image/4-5.png
Successfully processed: /home/admin/Videos/Translate/B1/AB-Image/4-5.png
---
Processing: /home/admin/Videos/Translate/B1/AB-Image/4-6.png
Successfully processed: /home/admin/Videos/Translate/B1/AB-Image/4-6.png
---
Processing: /home/admin/Videos/Translate/B1/AB-Image/4-7.png
Successfully processed: /home/admin/Videos/Translate/B1/AB-Image/4-7.png
---
Processing: /home/admin/Videos/Translate/B1/AB-Image/4-8.png
Successfully processed: /home/admin/Videos/Translate/B1/AB-Image/4-8.png
---
Processing: /home/admin/Videos/Translate/B1/AB-Image/d4-1.png
Successfully processed: /home/admin/Videos/Translate/B1/AB-Image/d4-1.png
---
Processing: /home/admin/Videos/Translate/B1/AB-Image/d4-2.png
Successfully processed: /home/admin/Videos/Translate/B1/AB-Image/d4-2.png
---
Processing: /home/admin/Videos/Translate/B1/AB-Image/d4-3.png
Successfully processed: /home/admin/Videos/Translate/B1/AB-Image/d4-3.png
---
Processing: /home/admin/Videos/Translate/B1/AB-Image/d4-4.png
Successfully processed: /home/admin/Videos/Translate/B1/AB-Image/d4-4.png
---
Processing: /home/admin/Videos/Translate/B1/AB-Image/121.png
Successfully processed: /home/admin/Videos/Translate/B1/AB-Image/121.png
---
Processing: /home/admin/Videos/Translate/B1/AB-Image/4-9.png
Successfully processed: /home/admin/Videos/Translate/B1/AB-Image/4-9.png
---
Processing: /home/admin/Videos/Translate/B1/AB-Image/5-1.png
Successfully processed: /home/admin/Videos/Translate/B1/AB-Image/5-1.png
---
Processing: /home/admin/Videos/Translate/B1/AB-Image/5-2.png
Successfully processed: /home/admin/Videos/Translate/B1/AB-Image/5-2.png
---
Processing: /home/admin/Videos/Translate/B1/AB-Image/5-3.png
Successfully processed: /home/admin/Videos/Translate/B1/AB-Image/5-3.png
---
Processing: /home/admin/Videos/Translate/B1/AB-Image/5-4.png
Successfully processed: /home/admin/Videos/Translate/B1/AB-Image/5-4.png
---
Processing: /home/admin/Videos/Translate/B1/AB-Image/d5-1.png
Successfully processed: /home/admin/Videos/Translate/B1/AB-Image/d5-1.png
---
Processing: /home/admin/Videos/Translate/B1/AB-Image/d5-2.png
Successfully processed: /home/admin/Videos/Translate/B1/AB-Image/d5-2.png
---
Processing: /home/admin/Videos/Translate/B1/AB-Image/d5-3.png
Successfully processed: /home/admin/Videos/Translate/B1/AB-Image/d5-3.png
---
Processing: /home/admin/Videos/Translate/B1/AB-Image/d5-4.png
Successfully processed: /home/admin/Videos/Translate/B1/AB-Image/d5-4.png
---
Processing: /home/admin/Videos/Translate/B1/AB-Image/5-5.png
Successfully processed: /home/admin/Videos/Translate/B1/AB-Image/5-5.png
---
Processing: /home/admin/Videos/Translate/B1/AB-Image/126.png
Successfully processed: /home/admin/Videos/Translate/B1/AB-Image/126.png
---
Processing: /home/admin/Videos/Translate/B1/AB-Image/6-1.png
Successfully processed: /home/admin/Videos/Translate/B1/AB-Image/6-1.png
---
Processing: /home/admin/Videos/Translate/B1/AB-Image/6-2.png
Successfully processed: /home/admin/Videos/Translate/B1/AB-Image/6-2.png
---
Processing: /home/admin/Videos/Translate/B1/AB-Image/6-3.png
Successfully processed: /home/admin/Videos/Translate/B1/AB-Image/6-3.png
---
Processing: /home/admin/Videos/Translate/B1/AB-Image/d6-1.png
Successfully processed: /home/admin/Videos/Translate/B1/AB-Image/d6-1.png
---
Processing: /home/admin/Videos/Translate/B1/AB-Image/d6-2.png
Successfully processed: /home/admin/Videos/Translate/B1/AB-Image/d6-2.png
---
Processing: /home/admin/Videos/Translate/B1/AB-Image/d6-3.png
Successfully processed: /home/admin/Videos/Translate/B1/AB-Image/d6-3.png
---
Processing: /home/admin/Videos/Translate/B1/AB-Image/d6-4.png
Successfully processed: /home/admin/Videos/Translate/B1/AB-Image/d6-4.png
---
Processing: /home/admin/Videos/Translate/B1/AB-Image/6-4.png
Successfully processed: /home/admin/Videos/Translate/B1/AB-Image/6-4.png
---
Processing: /home/admin/Videos/Translate/B1/AB-Image/130.png
Successfully processed: /home/admin/Videos/Translate/B1/AB-Image/130.png
---
Processing: /home/admin/Videos/Translate/B1/AB-Image/s2-1.png
Successfully processed: /home/admin/Videos/Translate/B1/AB-Image/s2-1.png
---
Processing: /home/admin/Videos/Translate/B1/AB-Image/s2-2.png
Successfully processed: /home/admin/Videos/Translate/B1/AB-Image/s2-2.png
---
Processing: /home/admin/Videos/Translate/B1/AB-Image/s2-3.png
Successfully processed: /home/admin/Videos/Translate/B1/AB-Image/s2-3.png
---
Processing: /home/admin/Videos/Translate/B1/AB-Image/7-1.png
Successfully processed: /home/admin/Videos/Translate/B1/AB-Image/7-1.png
---
Processing: /home/admin/Videos/Translate/B1/AB-Image/7-2.png
Successfully processed: /home/admin/Videos/Translate/B1/AB-Image/7-2.png
---
Processing: /home/admin/Videos/Translate/B1/AB-Image/7-3.png
Successfully processed: /home/admin/Videos/Translate/B1/AB-Image/7-3.png
---
Processing: /home/admin/Videos/Translate/B1/AB-Image/7-4.png
Successfully processed: /home/admin/Videos/Translate/B1/AB-Image/7-4.png
---
Processing: /home/admin/Videos/Translate/B1/AB-Image/7-5.png
Successfully processed: /home/admin/Videos/Translate/B1/AB-Image/7-5.png
---
Processing: /home/admin/Videos/Translate/B1/AB-Image/7-6.png
Successfully processed: /home/admin/Videos/Translate/B1/AB-Image/7-6.png
---
Processing: /home/admin/Videos/Translate/B1/AB-Image/7-7.png
Successfully processed: /home/admin/Videos/Translate/B1/AB-Image/7-7.png
---
Processing: /home/admin/Videos/Translate/B1/AB-Image/d7-1.png
Successfully processed: /home/admin/Videos/Translate/B1/AB-Image/d7-1.png
---
Processing: /home/admin/Videos/Translate/B1/AB-Image/d7-2.png
Successfully processed: /home/admin/Videos/Translate/B1/AB-Image/d7-2.png
---
Processing: /home/admin/Videos/Translate/B1/AB-Image/d7-3.png
Successfully processed: /home/admin/Videos/Translate/B1/AB-Image/d7-3.png
---
Processing: /home/admin/Videos/Translate/B1/AB-Image/d7-4.png
Successfully processed: /home/admin/Videos/Translate/B1/AB-Image/d7-4.png
---
Processing: /home/admin/Videos/Translate/B1/AB-Image/7-8.png
Successfully processed: /home/admin/Videos/Translate/B1/AB-Image/7-8.png
---
Processing: /home/admin/Videos/Translate/B1/AB-Image/205.png
Successfully processed: /home/admin/Videos/Translate/B1/AB-Image/205.png
---
Processing: /home/admin/Videos/Translate/B1/AB-Image/7-9.png
Successfully processed: /home/admin/Videos/Translate/B1/AB-Image/7-9.png
---
Processing: /home/admin/Videos/Translate/B1/AB-Image/8-1.png
Successfully processed: /home/admin/Videos/Translate/B1/AB-Image/8-1.png
---
Processing: /home/admin/Videos/Translate/B1/AB-Image/8-2.png
Successfully processed: /home/admin/Videos/Translate/B1/AB-Image/8-2.png
---
Processing: /home/admin/Videos/Translate/B1/AB-Image/8-3.png
Successfully processed: /home/admin/Videos/Translate/B1/AB-Image/8-3.png
---
Processing: /home/admin/Videos/Translate/B1/AB-Image/8-4.png
Successfully processed: /home/admin/Videos/Translate/B1/AB-Image/8-4.png
---
Processing: /home/admin/Videos/Translate/B1/AB-Image/8-5.png
Successfully processed: /home/admin/Videos/Translate/B1/AB-Image/8-5.png
---
Processing: /home/admin/Videos/Translate/B1/AB-Image/8-6.png
Successfully processed: /home/admin/Videos/Translate/B1/AB-Image/8-6.png
---
Processing: /home/admin/Videos/Translate/B1/AB-Image/8-7.png
Successfully processed: /home/admin/Videos/Translate/B1/AB-Image/8-7.png
---
Processing: /home/admin/Videos/Translate/B1/AB-Image/8-8.png
Successfully processed: /home/admin/Videos/Translate/B1/AB-Image/8-8.png
---
Processing: /home/admin/Videos/Translate/B1/AB-Image/8-9.png
Successfully processed: /home/admin/Videos/Translate/B1/AB-Image/8-9.png
---
Processing: /home/admin/Videos/Translate/B1/AB-Image/d8-1.png
Successfully processed: /home/admin/Videos/Translate/B1/AB-Image/d8-1.png
---
Processing: /home/admin/Videos/Translate/B1/AB-Image/d8-2.png
Successfully processed: /home/admin/Videos/Translate/B1/AB-Image/d8-2.png
---
Processing: /home/admin/Videos/Translate/B1/AB-Image/d8-3.png
Successfully processed: /home/admin/Videos/Translate/B1/AB-Image/d8-3.png
---
Processing: /home/admin/Videos/Translate/B1/AB-Image/d8-4.png
Successfully processed: /home/admin/Videos/Translate/B1/AB-Image/d8-4.png
---
Processing: /home/admin/Videos/Translate/B1/AB-Image/8-10.png
Successfully processed: /home/admin/Videos/Translate/B1/AB-Image/8-10.png
---
Processing: /home/admin/Videos/Translate/B1/AB-Image/8-11.png
Successfully processed: /home/admin/Videos/Translate/B1/AB-Image/8-11.png
---
Processing: /home/admin/Videos/Translate/B1/AB-Image/211.png
Successfully processed: /home/admin/Videos/Translate/B1/AB-Image/211.png
---
Processing: /home/admin/Videos/Translate/B1/AB-Image/8-12.png
Successfully processed: /home/admin/Videos/Translate/B1/AB-Image/8-12.png
---
Processing: /home/admin/Videos/Translate/B1/AB-Image/9-1.png
Successfully processed: /home/admin/Videos/Translate/B1/AB-Image/9-1.png
---
Processing: /home/admin/Videos/Translate/B1/AB-Image/9-2.png
Successfully processed: /home/admin/Videos/Translate/B1/AB-Image/9-2.png
---
Processing: /home/admin/Videos/Translate/B1/AB-Image/9-3.png
Successfully processed: /home/admin/Videos/Translate/B1/AB-Image/9-3.png
---
Processing: /home/admin/Videos/Translate/B1/AB-Image/9-4.png
Successfully processed: /home/admin/Videos/Translate/B1/AB-Image/9-4.png
---
Processing: /home/admin/Videos/Translate/B1/AB-Image/9-5.png
Successfully processed: /home/admin/Videos/Translate/B1/AB-Image/9-5.png
---
Processing: /home/admin/Videos/Translate/B1/AB-Image/d9-1.png
Successfully processed: /home/admin/Videos/Translate/B1/AB-Image/d9-1.png
---
Processing: /home/admin/Videos/Translate/B1/AB-Image/d9-2.png
Successfully processed: /home/admin/Videos/Translate/B1/AB-Image/d9-2.png
---
Processing: /home/admin/Videos/Translate/B1/AB-Image/d9-3.png
Successfully processed: /home/admin/Videos/Translate/B1/AB-Image/d9-3.png
---
Processing: /home/admin/Videos/Translate/B1/AB-Image/d9-4.png
Successfully processed: /home/admin/Videos/Translate/B1/AB-Image/d9-4.png
---
Processing: /home/admin/Videos/Translate/B1/AB-Image/9-6.png
Successfully processed: /home/admin/Videos/Translate/B1/AB-Image/9-6.png
---
Processing: /home/admin/Videos/Translate/B1/AB-Image/9-7.png
Successfully processed: /home/admin/Videos/Translate/B1/AB-Image/9-7.png
---
Processing: /home/admin/Videos/Translate/B1/AB-Image/9-8.png
Successfully processed: /home/admin/Videos/Translate/B1/AB-Image/9-8.png
---
Processing: /home/admin/Videos/Translate/B1/AB-Image/s3-1.png
Successfully processed: /home/admin/Videos/Translate/B1/AB-Image/s3-1.png
---
Processing: /home/admin/Videos/Translate/B1/AB-Image/s3-2.png
Successfully processed: /home/admin/Videos/Translate/B1/AB-Image/s3-2.png
---
Processing: /home/admin/Videos/Translate/B1/AB-Image/10-1.png
Successfully processed: /home/admin/Videos/Translate/B1/AB-Image/10-1.png
---
Processing: /home/admin/Videos/Translate/B1/AB-Image/10-2.png
Successfully processed: /home/admin/Videos/Translate/B1/AB-Image/10-2.png
---
Processing: /home/admin/Videos/Translate/B1/AB-Image/10-3.png
Successfully processed: /home/admin/Videos/Translate/B1/AB-Image/10-3.png
---
Processing: /home/admin/Videos/Translate/B1/AB-Image/10-4.png
Successfully processed: /home/admin/Videos/Translate/B1/AB-Image/10-4.png
---
Processing: /home/admin/Videos/Translate/B1/AB-Image/10-5.png
Successfully processed: /home/admin/Videos/Translate/B1/AB-Image/10-5.png
---
Processing: /home/admin/Videos/Translate/B1/AB-Image/d10-1.png
Successfully processed: /home/admin/Videos/Translate/B1/AB-Image/d10-1.png
---
Processing: /home/admin/Videos/Translate/B1/AB-Image/d10-2.png
Successfully processed: /home/admin/Videos/Translate/B1/AB-Image/d10-2.png
---
Processing: /home/admin/Videos/Translate/B1/AB-Image/d10-3.png
Successfully processed: /home/admin/Videos/Translate/B1/AB-Image/d10-3.png
---
Processing: /home/admin/Videos/Translate/B1/AB-Image/d10-4.png
Successfully processed: /home/admin/Videos/Translate/B1/AB-Image/d10-4.png
---
Processing: /home/admin/Videos/Translate/B1/AB-Image/222.png
Successfully processed: /home/admin/Videos/Translate/B1/AB-Image/222.png
---
Processing: /home/admin/Videos/Translate/B1/AB-Image/10-6.png
Successfully processed: /home/admin/Videos/Translate/B1/AB-Image/10-6.png
---
Processing: /home/admin/Videos/Translate/B1/AB-Image/h6.png
Successfully processed: /home/admin/Videos/Translate/B1/AB-Image/h6.png
---
Processing: /home/admin/Videos/Translate/B1/AB-Image/11-2.png
Successfully processed: /home/admin/Videos/Translate/B1/AB-Image/11-2.png
---
Processing: /home/admin/Videos/Translate/B1/AB-Image/11-1.png
Successfully processed: /home/admin/Videos/Translate/B1/AB-Image/11-1.png
---
Processing: /home/admin/Videos/Translate/B1/AB-Image/11-3.png
Successfully processed: /home/admin/Videos/Translate/B1/AB-Image/11-3.png
---
Processing: /home/admin/Videos/Translate/B1/AB-Image/11-4.png
Successfully processed: /home/admin/Videos/Translate/B1/AB-Image/11-4.png
---
Processing: /home/admin/Videos/Translate/B1/AB-Image/11-5.png
Successfully processed: /home/admin/Videos/Translate/B1/AB-Image/11-5.png
---
Processing: /home/admin/Videos/Translate/B1/AB-Image/11-6.png
Successfully processed: /home/admin/Videos/Translate/B1/AB-Image/11-6.png
---
Processing: /home/admin/Videos/Translate/B1/AB-Image/11-7.png
Successfully processed: /home/admin/Videos/Translate/B1/AB-Image/11-7.png
---
Processing: /home/admin/Videos/Translate/B1/AB-Image/d11-1.png
Successfully processed: /home/admin/Videos/Translate/B1/AB-Image/d11-1.png
---
Processing: /home/admin/Videos/Translate/B1/AB-Image/d11-2.png
Successfully processed: /home/admin/Videos/Translate/B1/AB-Image/d11-2.png
---
Processing: /home/admin/Videos/Translate/B1/AB-Image/s4-1.png
Successfully processed: /home/admin/Videos/Translate/B1/AB-Image/s4-1.png
---
Processing: /home/admin/Videos/Translate/B1/AB-Image/h1.png
Successfully processed: /home/admin/Videos/Translate/B1/AB-Image/h1.png
---
Processing: /home/admin/Videos/Translate/B1/AB-Image/h7.png
Successfully processed: /home/admin/Videos/Translate/B1/AB-Image/h7.png
---
Processing: /home/admin/Videos/Translate/B1/AB-Image/12-1.png
Successfully processed: /home/admin/Videos/Translate/B1/AB-Image/12-1.png
---
Processing: /home/admin/Videos/Translate/B1/AB-Image/12-2.png
Successfully processed: /home/admin/Videos/Translate/B1/AB-Image/12-2.png
---
Processing: /home/admin/Videos/Translate/B1/AB-Image/12-3.png
Successfully processed: /home/admin/Videos/Translate/B1/AB-Image/12-3.png
---
Processing: /home/admin/Videos/Translate/B1/AB-Image/12-4.png
Successfully processed: /home/admin/Videos/Translate/B1/AB-Image/12-4.png
---
Processing: /home/admin/Videos/Translate/B1/AB-Image/12-5.png
Successfully processed: /home/admin/Videos/Translate/B1/AB-Image/12-5.png
---
Processing: /home/admin/Videos/Translate/B1/AB-Image/d11-3.png
Successfully processed: /home/admin/Videos/Translate/B1/AB-Image/d11-3.png
---
Processing: /home/admin/Videos/Translate/B1/AB-Image/d11-4.png
Successfully processed: /home/admin/Videos/Translate/B1/AB-Image/d11-4.png
---
Processing: /home/admin/Videos/Translate/B1/AB-Image/d12-1.png
Successfully processed: /home/admin/Videos/Translate/B1/AB-Image/d12-1.png
---
Processing: /home/admin/Videos/Translate/B1/AB-Image/227.png
Successfully processed: /home/admin/Videos/Translate/B1/AB-Image/227.png
---
Processing: /home/admin/Videos/Translate/B1/AB-Image/d12-2.png
Successfully processed: /home/admin/Videos/Translate/B1/AB-Image/d12-2.png
---
Processing: /home/admin/Videos/Translate/B1/AB-Image/d12-3.png
Successfully processed: /home/admin/Videos/Translate/B1/AB-Image/d12-3.png
---
Processing: /home/admin/Videos/Translate/B1/AB-Image/234.png
Successfully processed: /home/admin/Videos/Translate/B1/AB-Image/234.png
---
Processing: /home/admin/Videos/Translate/B1/AB-Image/12-6.png
Successfully processed: /home/admin/Videos/Translate/B1/AB-Image/12-6.png
---
Processing: /home/admin/Videos/Translate/B1/AB-Image/s4-2.png
Successfully processed: /home/admin/Videos/Translate/B1/AB-Image/s4-2.png
---
Processing: /home/admin/Videos/Translate/B1/AB-Image/h2.png
Successfully processed: /home/admin/Videos/Translate/B1/AB-Image/h2.png
---
Processing: /home/admin/Videos/Translate/B1/AB-Image/h8.png
Successfully processed: /home/admin/Videos/Translate/B1/AB-Image/h8.png
---
Processing: /home/admin/Videos/Translate/B1/AB-Image/h9.png
Successfully processed: /home/admin/Videos/Translate/B1/AB-Image/h9.png
---
Processing: /home/admin/Videos/Translate/B1/AB-Image/h10.png
Successfully processed: /home/admin/Videos/Translate/B1/AB-Image/h10.png
---
Processing: /home/admin/Videos/Translate/B1/AB-Image/h11.png
Successfully processed: /home/admin/Videos/Translate/B1/AB-Image/h11.png
---
Processing: /home/admin/Videos/Translate/B1/AB-Image/h12.png
Successfully processed: /home/admin/Videos/Translate/B1/AB-Image/h12.png
---
Processing: /home/admin/Videos/Translate/B1/AB-Image/h13.png
Successfully processed: /home/admin/Videos/Translate/B1/AB-Image/h13.png
---
Processing: /home/admin/Videos/Translate/B1/AB-Image/h14.png
Successfully processed: /home/admin/Videos/Translate/B1/AB-Image/h14.png
---
Processing: /home/admin/Videos/Translate/B1/AB-Image/h15.png
Successfully processed: /home/admin/Videos/Translate/B1/AB-Image/h15.png
---
Processing: /home/admin/Videos/Translate/B1/AB-Image/h16.png
Successfully processed: /home/admin/Videos/Translate/B1/AB-Image/h16.png
---
Processing: /home/admin/Videos/Translate/B1/AB-Image/h17.png
Successfully processed: /home/admin/Videos/Translate/B1/AB-Image/h17.png
---
Processing: /home/admin/Videos/Translate/B1/AB-Image/h18.png
Successfully processed: /home/admin/Videos/Translate/B1/AB-Image/h18.png
---
Processing: /home/admin/Videos/Translate/B1/AB-Image/h19.png
Successfully processed: /home/admin/Videos/Translate/B1/AB-Image/h19.png
---
Processing: /home/admin/Videos/Translate/B1/AB-Image/h20.png
Successfully processed: /home/admin/Videos/Translate/B1/AB-Image/h20.png
---
Processing: /home/admin/Videos/Translate/B1/AB-Image/h21.png
Successfully processed: /home/admin/Videos/Translate/B1/AB-Image/h21.png
---
Processing: /home/admin/Videos/Translate/B1/AB-Image/h22.png
Successfully processed: /home/admin/Videos/Translate/B1/AB-Image/h22.png
---
Processing: /home/admin/Videos/Translate/B1/AB-Image/h23.png
Successfully processed: /home/admin/Videos/Translate/B1/AB-Image/h23.png
---
Processing: /home/admin/Videos/Translate/B1/AB-Image/h24.png
Successfully processed: /home/admin/Videos/Translate/B1/AB-Image/h24.png
---
Processing: /home/admin/Videos/Translate/B1/AB-Image/h25.png
Successfully processed: /home/admin/Videos/Translate/B1/AB-Image/h25.png
---
Processing: /home/admin/Videos/Translate/B1/AB-Image/h28.png
Successfully processed: /home/admin/Videos/Translate/B1/AB-Image/h28.png
---
Processing complete!
Total files processed: 185
Files with errors: 0
Finished at: Fri May 29 12:55:41 PM CEST 2026
Starting OCR processing in directory: /home/admin/Videos/Translate/B1/KB-Image
Timestamp: Fri May 29 12:57:09 PM CEST 2026
Processing: /home/admin/Videos/Translate/B1/KB-Image/v5.png
Successfully processed: /home/admin/Videos/Translate/B1/KB-Image/v5.png
---
Processing: /home/admin/Videos/Translate/B1/KB-Image/v4.png
Successfully processed: /home/admin/Videos/Translate/B1/KB-Image/v4.png
---
Processing: /home/admin/Videos/Translate/B1/KB-Image/v3.png
Successfully processed: /home/admin/Videos/Translate/B1/KB-Image/v3.png
---
Processing: /home/admin/Videos/Translate/B1/KB-Image/v2.png
Successfully processed: /home/admin/Videos/Translate/B1/KB-Image/v2.png
---
Processing: /home/admin/Videos/Translate/B1/KB-Image/v1.png
Successfully processed: /home/admin/Videos/Translate/B1/KB-Image/v1.png
---
Processing: /home/admin/Videos/Translate/B1/KB-Image/d26.png
Successfully processed: /home/admin/Videos/Translate/B1/KB-Image/d26.png
---
Processing: /home/admin/Videos/Translate/B1/KB-Image/d25.png
Successfully processed: /home/admin/Videos/Translate/B1/KB-Image/d25.png
---
Processing: /home/admin/Videos/Translate/B1/KB-Image/d24.png
Successfully processed: /home/admin/Videos/Translate/B1/KB-Image/d24.png
---
Processing: /home/admin/Videos/Translate/B1/KB-Image/d23.png
Successfully processed: /home/admin/Videos/Translate/B1/KB-Image/d23.png
---
Processing: /home/admin/Videos/Translate/B1/KB-Image/d22.png
Successfully processed: /home/admin/Videos/Translate/B1/KB-Image/d22.png
---
Processing: /home/admin/Videos/Translate/B1/KB-Image/d21.png
Successfully processed: /home/admin/Videos/Translate/B1/KB-Image/d21.png
---
Processing: /home/admin/Videos/Translate/B1/KB-Image/d20.png
Successfully processed: /home/admin/Videos/Translate/B1/KB-Image/d20.png
---
Processing: /home/admin/Videos/Translate/B1/KB-Image/d19.png
Successfully processed: /home/admin/Videos/Translate/B1/KB-Image/d19.png
---
Processing: /home/admin/Videos/Translate/B1/KB-Image/d18.png
Successfully processed: /home/admin/Videos/Translate/B1/KB-Image/d18.png
---
Processing: /home/admin/Videos/Translate/B1/KB-Image/d17.png
Successfully processed: /home/admin/Videos/Translate/B1/KB-Image/d17.png
---
Processing: /home/admin/Videos/Translate/B1/KB-Image/d16.png
Successfully processed: /home/admin/Videos/Translate/B1/KB-Image/d16.png
---
Processing: /home/admin/Videos/Translate/B1/KB-Image/d15.png
Successfully processed: /home/admin/Videos/Translate/B1/KB-Image/d15.png
---
Processing: /home/admin/Videos/Translate/B1/KB-Image/d14.png
Successfully processed: /home/admin/Videos/Translate/B1/KB-Image/d14.png
---
Processing: /home/admin/Videos/Translate/B1/KB-Image/d13.png
Successfully processed: /home/admin/Videos/Translate/B1/KB-Image/d13.png
---
Processing: /home/admin/Videos/Translate/B1/KB-Image/d12.png
Successfully processed: /home/admin/Videos/Translate/B1/KB-Image/d12.png
---
Processing: /home/admin/Videos/Translate/B1/KB-Image/d11.png
Successfully processed: /home/admin/Videos/Translate/B1/KB-Image/d11.png
---
Processing: /home/admin/Videos/Translate/B1/KB-Image/d10.png
Successfully processed: /home/admin/Videos/Translate/B1/KB-Image/d10.png
---
Processing: /home/admin/Videos/Translate/B1/KB-Image/d9.png
Successfully processed: /home/admin/Videos/Translate/B1/KB-Image/d9.png
---
Processing: /home/admin/Videos/Translate/B1/KB-Image/d8.png
Successfully processed: /home/admin/Videos/Translate/B1/KB-Image/d8.png
---
Processing: /home/admin/Videos/Translate/B1/KB-Image/d7.png
Successfully processed: /home/admin/Videos/Translate/B1/KB-Image/d7.png
---
Processing: /home/admin/Videos/Translate/B1/KB-Image/d6.png
Successfully processed: /home/admin/Videos/Translate/B1/KB-Image/d6.png
---
Processing: /home/admin/Videos/Translate/B1/KB-Image/d5.png
Successfully processed: /home/admin/Videos/Translate/B1/KB-Image/d5.png
---
Processing: /home/admin/Videos/Translate/B1/KB-Image/d4.png
Successfully processed: /home/admin/Videos/Translate/B1/KB-Image/d4.png
---
Processing: /home/admin/Videos/Translate/B1/KB-Image/d3.png
Successfully processed: /home/admin/Videos/Translate/B1/KB-Image/d3.png
---
Processing: /home/admin/Videos/Translate/B1/KB-Image/d2.png
Successfully processed: /home/admin/Videos/Translate/B1/KB-Image/d2.png
---
Processing: /home/admin/Videos/Translate/B1/KB-Image/d1.png
Successfully processed: /home/admin/Videos/Translate/B1/KB-Image/d1.png
---
Processing: /home/admin/Videos/Translate/B1/KB-Image/h64.png
Successfully processed: /home/admin/Videos/Translate/B1/KB-Image/h64.png
---
Processing: /home/admin/Videos/Translate/B1/KB-Image/h63.png
Successfully processed: /home/admin/Videos/Translate/B1/KB-Image/h63.png
---
Processing: /home/admin/Videos/Translate/B1/KB-Image/h62.png
Successfully processed: /home/admin/Videos/Translate/B1/KB-Image/h62.png
---
Processing: /home/admin/Videos/Translate/B1/KB-Image/h61.png
Successfully processed: /home/admin/Videos/Translate/B1/KB-Image/h61.png
---
Processing: /home/admin/Videos/Translate/B1/KB-Image/h60.png
Successfully processed: /home/admin/Videos/Translate/B1/KB-Image/h60.png
---
Processing: /home/admin/Videos/Translate/B1/KB-Image/h59.png
Successfully processed: /home/admin/Videos/Translate/B1/KB-Image/h59.png
---
Processing: /home/admin/Videos/Translate/B1/KB-Image/h58.png
Successfully processed: /home/admin/Videos/Translate/B1/KB-Image/h58.png
---
Processing: /home/admin/Videos/Translate/B1/KB-Image/h57.png
Successfully processed: /home/admin/Videos/Translate/B1/KB-Image/h57.png
---
Processing: /home/admin/Videos/Translate/B1/KB-Image/h56.png
Successfully processed: /home/admin/Videos/Translate/B1/KB-Image/h56.png
---
Processing: /home/admin/Videos/Translate/B1/KB-Image/h55.png
Successfully processed: /home/admin/Videos/Translate/B1/KB-Image/h55.png
---
Processing: /home/admin/Videos/Translate/B1/KB-Image/h54.png
Successfully processed: /home/admin/Videos/Translate/B1/KB-Image/h54.png
---
Processing: /home/admin/Videos/Translate/B1/KB-Image/h53.png
Successfully processed: /home/admin/Videos/Translate/B1/KB-Image/h53.png
---
Processing: /home/admin/Videos/Translate/B1/KB-Image/h52.png
Successfully processed: /home/admin/Videos/Translate/B1/KB-Image/h52.png
---
Processing: /home/admin/Videos/Translate/B1/KB-Image/h51.png
Successfully processed: /home/admin/Videos/Translate/B1/KB-Image/h51.png
---
Processing: /home/admin/Videos/Translate/B1/KB-Image/h50.png
Successfully processed: /home/admin/Videos/Translate/B1/KB-Image/h50.png
---
Processing: /home/admin/Videos/Translate/B1/KB-Image/h49.png
Successfully processed: /home/admin/Videos/Translate/B1/KB-Image/h49.png
---
Processing: /home/admin/Videos/Translate/B1/KB-Image/h48.png
Successfully processed: /home/admin/Videos/Translate/B1/KB-Image/h48.png
---
Processing: /home/admin/Videos/Translate/B1/KB-Image/h47.png
Successfully processed: /home/admin/Videos/Translate/B1/KB-Image/h47.png
---
Processing: /home/admin/Videos/Translate/B1/KB-Image/h46.png
Successfully processed: /home/admin/Videos/Translate/B1/KB-Image/h46.png
---
Processing: /home/admin/Videos/Translate/B1/KB-Image/h45.png
Successfully processed: /home/admin/Videos/Translate/B1/KB-Image/h45.png
---
Processing: /home/admin/Videos/Translate/B1/KB-Image/h44.png
Successfully processed: /home/admin/Videos/Translate/B1/KB-Image/h44.png
---
Processing: /home/admin/Videos/Translate/B1/KB-Image/h43.png
Successfully processed: /home/admin/Videos/Translate/B1/KB-Image/h43.png
---
Processing: /home/admin/Videos/Translate/B1/KB-Image/h42.png
Successfully processed: /home/admin/Videos/Translate/B1/KB-Image/h42.png
---
Processing: /home/admin/Videos/Translate/B1/KB-Image/h41.png
Successfully processed: /home/admin/Videos/Translate/B1/KB-Image/h41.png
---
Processing: /home/admin/Videos/Translate/B1/KB-Image/h40.png
Successfully processed: /home/admin/Videos/Translate/B1/KB-Image/h40.png
---
Processing: /home/admin/Videos/Translate/B1/KB-Image/h39.png
Successfully processed: /home/admin/Videos/Translate/B1/KB-Image/h39.png
---
Processing: /home/admin/Videos/Translate/B1/KB-Image/h38.png
Successfully processed: /home/admin/Videos/Translate/B1/KB-Image/h38.png
---
Processing: /home/admin/Videos/Translate/B1/KB-Image/h37.png
Successfully processed: /home/admin/Videos/Translate/B1/KB-Image/h37.png
---
Processing: /home/admin/Videos/Translate/B1/KB-Image/h36.png
Successfully processed: /home/admin/Videos/Translate/B1/KB-Image/h36.png
---
Processing: /home/admin/Videos/Translate/B1/KB-Image/h35.png
Successfully processed: /home/admin/Videos/Translate/B1/KB-Image/h35.png
---
Processing: /home/admin/Videos/Translate/B1/KB-Image/h34.png
Successfully processed: /home/admin/Videos/Translate/B1/KB-Image/h34.png
---
Processing: /home/admin/Videos/Translate/B1/KB-Image/h33.png
Successfully processed: /home/admin/Videos/Translate/B1/KB-Image/h33.png
---
Processing: /home/admin/Videos/Translate/B1/KB-Image/h32.png
Successfully processed: /home/admin/Videos/Translate/B1/KB-Image/h32.png
---
Processing: /home/admin/Videos/Translate/B1/KB-Image/h31.png
Successfully processed: /home/admin/Videos/Translate/B1/KB-Image/h31.png
---
Processing: /home/admin/Videos/Translate/B1/KB-Image/h30.png
Successfully processed: /home/admin/Videos/Translate/B1/KB-Image/h30.png
---
Processing: /home/admin/Videos/Translate/B1/KB-Image/h29.png
Successfully processed: /home/admin/Videos/Translate/B1/KB-Image/h29.png
---
Processing: /home/admin/Videos/Translate/B1/KB-Image/h28.png
Successfully processed: /home/admin/Videos/Translate/B1/KB-Image/h28.png
---
Processing: /home/admin/Videos/Translate/B1/KB-Image/h27.png
Successfully processed: /home/admin/Videos/Translate/B1/KB-Image/h27.png
---
Processing: /home/admin/Videos/Translate/B1/KB-Image/h26.png
Successfully processed: /home/admin/Videos/Translate/B1/KB-Image/h26.png
---
Processing: /home/admin/Videos/Translate/B1/KB-Image/h25.png
Successfully processed: /home/admin/Videos/Translate/B1/KB-Image/h25.png
---
Processing: /home/admin/Videos/Translate/B1/KB-Image/h24.png
Successfully processed: /home/admin/Videos/Translate/B1/KB-Image/h24.png
---
Processing: /home/admin/Videos/Translate/B1/KB-Image/h23.png
Successfully processed: /home/admin/Videos/Translate/B1/KB-Image/h23.png
---
Processing: /home/admin/Videos/Translate/B1/KB-Image/h22.png
Successfully processed: /home/admin/Videos/Translate/B1/KB-Image/h22.png
---
Processing: /home/admin/Videos/Translate/B1/KB-Image/h21.png
Successfully processed: /home/admin/Videos/Translate/B1/KB-Image/h21.png
---
Processing: /home/admin/Videos/Translate/B1/KB-Image/h20.png
Successfully processed: /home/admin/Videos/Translate/B1/KB-Image/h20.png
---
Processing: /home/admin/Videos/Translate/B1/KB-Image/h19.png
Successfully processed: /home/admin/Videos/Translate/B1/KB-Image/h19.png
---
Processing: /home/admin/Videos/Translate/B1/KB-Image/h18.png
Successfully processed: /home/admin/Videos/Translate/B1/KB-Image/h18.png
---
Processing: /home/admin/Videos/Translate/B1/KB-Image/h17.png
Successfully processed: /home/admin/Videos/Translate/B1/KB-Image/h17.png
---
Processing: /home/admin/Videos/Translate/B1/KB-Image/h16.png
Successfully processed: /home/admin/Videos/Translate/B1/KB-Image/h16.png
---
Processing: /home/admin/Videos/Translate/B1/KB-Image/h15.png
Successfully processed: /home/admin/Videos/Translate/B1/KB-Image/h15.png
---
Processing: /home/admin/Videos/Translate/B1/KB-Image/h14.png
Successfully processed: /home/admin/Videos/Translate/B1/KB-Image/h14.png
---
Processing: /home/admin/Videos/Translate/B1/KB-Image/h13.png
Successfully processed: /home/admin/Videos/Translate/B1/KB-Image/h13.png
---
Processing: /home/admin/Videos/Translate/B1/KB-Image/h12.png
Successfully processed: /home/admin/Videos/Translate/B1/KB-Image/h12.png
---
Processing: /home/admin/Videos/Translate/B1/KB-Image/h11.png
Successfully processed: /home/admin/Videos/Translate/B1/KB-Image/h11.png
---
Processing: /home/admin/Videos/Translate/B1/KB-Image/h10.png
Successfully processed: /home/admin/Videos/Translate/B1/KB-Image/h10.png
---
Processing: /home/admin/Videos/Translate/B1/KB-Image/h9.png
Successfully processed: /home/admin/Videos/Translate/B1/KB-Image/h9.png
---
Processing: /home/admin/Videos/Translate/B1/KB-Image/h8.png
Successfully processed: /home/admin/Videos/Translate/B1/KB-Image/h8.png
---
Processing: /home/admin/Videos/Translate/B1/KB-Image/h7.png
Successfully processed: /home/admin/Videos/Translate/B1/KB-Image/h7.png
---
Processing: /home/admin/Videos/Translate/B1/KB-Image/h6.png
Successfully processed: /home/admin/Videos/Translate/B1/KB-Image/h6.png
---
Processing: /home/admin/Videos/Translate/B1/KB-Image/h5.png
Successfully processed: /home/admin/Videos/Translate/B1/KB-Image/h5.png
---
Processing: /home/admin/Videos/Translate/B1/KB-Image/h4.png
Successfully processed: /home/admin/Videos/Translate/B1/KB-Image/h4.png
---
Processing: /home/admin/Videos/Translate/B1/KB-Image/h3.png
Successfully processed: /home/admin/Videos/Translate/B1/KB-Image/h3.png
---
Processing: /home/admin/Videos/Translate/B1/KB-Image/h2.png
Successfully processed: /home/admin/Videos/Translate/B1/KB-Image/h2.png
---
Processing: /home/admin/Videos/Translate/B1/KB-Image/h1.png
Successfully processed: /home/admin/Videos/Translate/B1/KB-Image/h1.png
---
Processing: /home/admin/Videos/Translate/B1/KB-Image/325-2.png
Successfully processed: /home/admin/Videos/Translate/B1/KB-Image/325-2.png
---
Processing: /home/admin/Videos/Translate/B1/KB-Image/325-1.png
Successfully processed: /home/admin/Videos/Translate/B1/KB-Image/325-1.png
---
Processing: /home/admin/Videos/Translate/B1/KB-Image/324.png
Successfully processed: /home/admin/Videos/Translate/B1/KB-Image/324.png
---
Processing: /home/admin/Videos/Translate/B1/KB-Image/s4-1.png
Successfully processed: /home/admin/Videos/Translate/B1/KB-Image/s4-1.png
---
Processing: /home/admin/Videos/Translate/B1/KB-Image/322.png
Successfully processed: /home/admin/Videos/Translate/B1/KB-Image/322.png
---
Processing: /home/admin/Videos/Translate/B1/KB-Image/12-1.png
Successfully processed: /home/admin/Videos/Translate/B1/KB-Image/12-1.png
---
Processing: /home/admin/Videos/Translate/B1/KB-Image/314.png
Successfully processed: /home/admin/Videos/Translate/B1/KB-Image/314.png
---
Processing: /home/admin/Videos/Translate/B1/KB-Image/11-4.png
Successfully processed: /home/admin/Videos/Translate/B1/KB-Image/11-4.png
---
Processing: /home/admin/Videos/Translate/B1/KB-Image/11-3.png
Successfully processed: /home/admin/Videos/Translate/B1/KB-Image/11-3.png
---
Processing: /home/admin/Videos/Translate/B1/KB-Image/11-2.png
Successfully processed: /home/admin/Videos/Translate/B1/KB-Image/11-2.png
---
Processing: /home/admin/Videos/Translate/B1/KB-Image/11-1.png
Successfully processed: /home/admin/Videos/Translate/B1/KB-Image/11-1.png
---
Processing: /home/admin/Videos/Translate/B1/KB-Image/10-6.png
Successfully processed: /home/admin/Videos/Translate/B1/KB-Image/10-6.png
---
Processing: /home/admin/Videos/Translate/B1/KB-Image/10-5.png
Successfully processed: /home/admin/Videos/Translate/B1/KB-Image/10-5.png
---
Processing: /home/admin/Videos/Translate/B1/KB-Image/10-4.png
Successfully processed: /home/admin/Videos/Translate/B1/KB-Image/10-4.png
---
Processing: /home/admin/Videos/Translate/B1/KB-Image/10-3.png
Successfully processed: /home/admin/Videos/Translate/B1/KB-Image/10-3.png
---
Processing: /home/admin/Videos/Translate/B1/KB-Image/10-2.png
Successfully processed: /home/admin/Videos/Translate/B1/KB-Image/10-2.png
---
Processing: /home/admin/Videos/Translate/B1/KB-Image/10-1.png
Successfully processed: /home/admin/Videos/Translate/B1/KB-Image/10-1.png
---
Processing: /home/admin/Videos/Translate/B1/KB-Image/s3-1.png
Successfully processed: /home/admin/Videos/Translate/B1/KB-Image/s3-1.png
---
Processing: /home/admin/Videos/Translate/B1/KB-Image/230.png
Successfully processed: /home/admin/Videos/Translate/B1/KB-Image/230.png
---
Processing: /home/admin/Videos/Translate/B1/KB-Image/221.png
Successfully processed: /home/admin/Videos/Translate/B1/KB-Image/221.png
---
Processing: /home/admin/Videos/Translate/B1/KB-Image/9-3.png
Successfully processed: /home/admin/Videos/Translate/B1/KB-Image/9-3.png
---
Processing: /home/admin/Videos/Translate/B1/KB-Image/9-2.png
Successfully processed: /home/admin/Videos/Translate/B1/KB-Image/9-2.png
---
Processing: /home/admin/Videos/Translate/B1/KB-Image/9-1.png
Successfully processed: /home/admin/Videos/Translate/B1/KB-Image/9-1.png
---
Processing: /home/admin/Videos/Translate/B1/KB-Image/215.png
Successfully processed: /home/admin/Videos/Translate/B1/KB-Image/215.png
---
Processing: /home/admin/Videos/Translate/B1/KB-Image/8-6.png
Successfully processed: /home/admin/Videos/Translate/B1/KB-Image/8-6.png
---
Processing: /home/admin/Videos/Translate/B1/KB-Image/8-5.png
Successfully processed: /home/admin/Videos/Translate/B1/KB-Image/8-5.png
---
Processing: /home/admin/Videos/Translate/B1/KB-Image/8-4.png
Successfully processed: /home/admin/Videos/Translate/B1/KB-Image/8-4.png
---
Processing: /home/admin/Videos/Translate/B1/KB-Image/8-3.png
Successfully processed: /home/admin/Videos/Translate/B1/KB-Image/8-3.png
---
Processing: /home/admin/Videos/Translate/B1/KB-Image/8-2.png
Successfully processed: /home/admin/Videos/Translate/B1/KB-Image/8-2.png
---
Processing: /home/admin/Videos/Translate/B1/KB-Image/8-1.png
Successfully processed: /home/admin/Videos/Translate/B1/KB-Image/8-1.png
---
Processing: /home/admin/Videos/Translate/B1/KB-Image/7-4.png
Successfully processed: /home/admin/Videos/Translate/B1/KB-Image/7-4.png
---
Processing: /home/admin/Videos/Translate/B1/KB-Image/7-3.png
Successfully processed: /home/admin/Videos/Translate/B1/KB-Image/7-3.png
---
Processing: /home/admin/Videos/Translate/B1/KB-Image/7-2.png
Successfully processed: /home/admin/Videos/Translate/B1/KB-Image/7-2.png
---
Processing: /home/admin/Videos/Translate/B1/KB-Image/7-1.png
Successfully processed: /home/admin/Videos/Translate/B1/KB-Image/7-1.png
---
Processing: /home/admin/Videos/Translate/B1/KB-Image/s2-5.png
Successfully processed: /home/admin/Videos/Translate/B1/KB-Image/s2-5.png
---
Processing: /home/admin/Videos/Translate/B1/KB-Image/s2-4.png
Successfully processed: /home/admin/Videos/Translate/B1/KB-Image/s2-4.png
---
Processing: /home/admin/Videos/Translate/B1/KB-Image/s2-3.png
Successfully processed: /home/admin/Videos/Translate/B1/KB-Image/s2-3.png
---
Processing: /home/admin/Videos/Translate/B1/KB-Image/s2-2.png
Successfully processed: /home/admin/Videos/Translate/B1/KB-Image/s2-2.png
---
Processing: /home/admin/Videos/Translate/B1/KB-Image/s2-1.png
Successfully processed: /home/admin/Videos/Translate/B1/KB-Image/s2-1.png
---
Processing: /home/admin/Videos/Translate/B1/KB-Image/144.png
Successfully processed: /home/admin/Videos/Translate/B1/KB-Image/144.png
---
Processing: /home/admin/Videos/Translate/B1/KB-Image/6-4.png
Successfully processed: /home/admin/Videos/Translate/B1/KB-Image/6-4.png
---
Processing: /home/admin/Videos/Translate/B1/KB-Image/6-3.png
Successfully processed: /home/admin/Videos/Translate/B1/KB-Image/6-3.png
---
Processing: /home/admin/Videos/Translate/B1/KB-Image/6-2.png
Successfully processed: /home/admin/Videos/Translate/B1/KB-Image/6-2.png
---
Processing: /home/admin/Videos/Translate/B1/KB-Image/6-1.png
Successfully processed: /home/admin/Videos/Translate/B1/KB-Image/6-1.png
---
Processing: /home/admin/Videos/Translate/B1/KB-Image/135.png
Successfully processed: /home/admin/Videos/Translate/B1/KB-Image/135.png
---
Processing: /home/admin/Videos/Translate/B1/KB-Image/5-5.png
Successfully processed: /home/admin/Videos/Translate/B1/KB-Image/5-5.png
---
Processing: /home/admin/Videos/Translate/B1/KB-Image/5-4.png
Successfully processed: /home/admin/Videos/Translate/B1/KB-Image/5-4.png
---
Processing: /home/admin/Videos/Translate/B1/KB-Image/5-3.png
Successfully processed: /home/admin/Videos/Translate/B1/KB-Image/5-3.png
---
Processing: /home/admin/Videos/Translate/B1/KB-Image/5-2.png
Successfully processed: /home/admin/Videos/Translate/B1/KB-Image/5-2.png
---
Processing: /home/admin/Videos/Translate/B1/KB-Image/5-1.png
Successfully processed: /home/admin/Videos/Translate/B1/KB-Image/5-1.png
---
Processing: /home/admin/Videos/Translate/B1/KB-Image/131.png
Successfully processed: /home/admin/Videos/Translate/B1/KB-Image/131.png
---
Processing: /home/admin/Videos/Translate/B1/KB-Image/4-4.png
Successfully processed: /home/admin/Videos/Translate/B1/KB-Image/4-4.png
---
Processing: /home/admin/Videos/Translate/B1/KB-Image/4-3.png
Successfully processed: /home/admin/Videos/Translate/B1/KB-Image/4-3.png
---
Processing: /home/admin/Videos/Translate/B1/KB-Image/4-2.png
Successfully processed: /home/admin/Videos/Translate/B1/KB-Image/4-2.png
---
Processing: /home/admin/Videos/Translate/B1/KB-Image/4-1.png
Successfully processed: /home/admin/Videos/Translate/B1/KB-Image/4-1.png
---
Processing: /home/admin/Videos/Translate/B1/KB-Image/s1-3.png
Successfully processed: /home/admin/Videos/Translate/B1/KB-Image/s1-3.png
---
Processing: /home/admin/Videos/Translate/B1/KB-Image/s1-2.png
Successfully processed: /home/admin/Videos/Translate/B1/KB-Image/s1-2.png
---
Processing: /home/admin/Videos/Translate/B1/KB-Image/s1-1.png
Successfully processed: /home/admin/Videos/Translate/B1/KB-Image/s1-1.png
---
Processing: /home/admin/Videos/Translate/B1/KB-Image/3-1.png
Successfully processed: /home/admin/Videos/Translate/B1/KB-Image/3-1.png
---
Processing: /home/admin/Videos/Translate/B1/KB-Image/113.png
Successfully processed: /home/admin/Videos/Translate/B1/KB-Image/113.png
---
Processing: /home/admin/Videos/Translate/B1/KB-Image/2-3.png
Successfully processed: /home/admin/Videos/Translate/B1/KB-Image/2-3.png
---
Processing: /home/admin/Videos/Translate/B1/KB-Image/2-1.png
Successfully processed: /home/admin/Videos/Translate/B1/KB-Image/2-1.png
---
Processing: /home/admin/Videos/Translate/B1/KB-Image/2-2.png
Successfully processed: /home/admin/Videos/Translate/B1/KB-Image/2-2.png
---
Processing: /home/admin/Videos/Translate/B1/KB-Image/107.png
Successfully processed: /home/admin/Videos/Translate/B1/KB-Image/107.png
---
Processing: /home/admin/Videos/Translate/B1/KB-Image/1-2.png
Successfully processed: /home/admin/Videos/Translate/B1/KB-Image/1-2.png
---
Processing: /home/admin/Videos/Translate/B1/KB-Image/1-1.png
Successfully processed: /home/admin/Videos/Translate/B1/KB-Image/1-1.png
---
Processing complete!
Total files processed: 161
Files with errors: 0
Finished at: Fri May 29 01:01:09 PM CEST 2026
